Component: ARM Compiler 5.05 update 1 (build 106) Tool: armlink [4d0efa]

==============================================================================

Section Cross References

    startup_stm32f103xe.o(STACK) refers (Special) to heapauxi.o(.text) for __use_two_region_memory
    startup_stm32f103xe.o(HEAP) refers (Special) to heapauxi.o(.text) for __use_two_region_memory
    startup_stm32f103xe.o(RESET) refers (Special) to heapauxi.o(.text) for __use_two_region_memory
    startup_stm32f103xe.o(RESET) refers to startup_stm32f103xe.o(STACK) for __initial_sp
    startup_stm32f103xe.o(RESET) refers to startup_stm32f103xe.o(.text) for Reset_Handler
    startup_stm32f103xe.o(RESET) refers to stm32f1xx_it.o(i.NMI_Handler) for NMI_Handler
    startup_stm32f103xe.o(RESET) refers to stm32f1xx_it.o(i.HardFault_Handler) for HardFault_Handler
    startup_stm32f103xe.o(RESET) refers to stm32f1xx_it.o(i.MemManage_Handler) for MemManage_Handler
    startup_stm32f103xe.o(RESET) refers to stm32f1xx_it.o(i.BusFault_Handler) for BusFault_Handler
    startup_stm32f103xe.o(RESET) refers to stm32f1xx_it.o(i.UsageFault_Handler) for UsageFault_Handler
    startup_stm32f103xe.o(RESET) refers to stm32f1xx_it.o(i.SVC_Handler) for SVC_Handler
    startup_stm32f103xe.o(RESET) refers to stm32f1xx_it.o(i.DebugMon_Handler) for DebugMon_Handler
    startup_stm32f103xe.o(RESET) refers to stm32f1xx_it.o(i.PendSV_Handler) for PendSV_Handler
    startup_stm32f103xe.o(RESET) refers to stm32f1xx_it.o(i.SysTick_Handler) for SysTick_Handler
    startup_stm32f103xe.o(RESET) refers to stm32f1xx_it.o(i.USART1_IRQHandler) for USART1_IRQHandler
    startup_stm32f103xe.o(RESET) refers to stepper_s_speed.o(i.TIM8_CC_IRQHandler) for TIM8_CC_IRQHandler
    startup_stm32f103xe.o(.text) refers (Special) to heapauxi.o(.text) for __use_two_region_memory
    startup_stm32f103xe.o(.text) refers to system_stm32f1xx.o(i.SystemInit) for SystemInit
    startup_stm32f103xe.o(.text) refers to __main.o(!!!main) for __main
    startup_stm32f103xe.o(.text) refers to startup_stm32f103xe.o(HEAP) for Heap_Mem
    startup_stm32f103xe.o(.text) refers to startup_stm32f103xe.o(STACK) for Stack_Mem
    stepper_init.o(i.Stepper_GPIO_Config) refers to stm32f1xx_hal_gpio.o(i.HAL_GPIO_Init) for HAL_GPIO_Init
    stepper_init.o(i.TIM_PWMOUTPUT_Config) refers to stm32f1xx_hal_tim.o(i.HAL_TIM_OC_Init) for HAL_TIM_OC_Init
    stepper_init.o(i.TIM_PWMOUTPUT_Config) refers to stm32f1xx_hal_tim.o(i.HAL_TIM_OC_ConfigChannel) for HAL_TIM_OC_ConfigChannel
    stepper_init.o(i.TIM_PWMOUTPUT_Config) refers to stepper_init.o(.bss) for .bss
    stepper_init.o(i.stepper_Init) refers to stepper_init.o(i.Stepper_GPIO_Config) for Stepper_GPIO_Config
    stepper_init.o(i.stepper_Init) refers to stepper_init.o(i.TIM_PWMOUTPUT_Config) for TIM_PWMOUTPUT_Config
    stepper_init.o(i.stepper_Init) refers to stm32f1xx_hal_cortex.o(i.HAL_NVIC_SetPriority) for HAL_NVIC_SetPriority
    stepper_init.o(i.stepper_Init) refers to stm32f1xx_hal_cortex.o(i.HAL_NVIC_EnableIRQ) for HAL_NVIC_EnableIRQ
    stepper_s_speed.o(i.CalcSpeed) refers to _printf_percent.o(.ARM.Collect$$_printf_percent$$00000000) for _printf_percent
    stepper_s_speed.o(i.CalcSpeed) refers to _printf_d.o(.ARM.Collect$$_printf_percent$$00000009) for _printf_d
    stepper_s_speed.o(i.CalcSpeed) refers to _printf_dec.o(.text) for _printf_int_dec
    stepper_s_speed.o(i.CalcSpeed) refers to fflt_clz.o(x$fpl$fflt) for __aeabi_i2f
    stepper_s_speed.o(i.CalcSpeed) refers to fmul.o(x$fpl$fmul) for __aeabi_fmul
    stepper_s_speed.o(i.CalcSpeed) refers to fdiv.o(x$fpl$fdiv) for __aeabi_fdiv
    stepper_s_speed.o(i.CalcSpeed) refers to ffix.o(x$fpl$ffix) for __aeabi_f2iz
    stepper_s_speed.o(i.CalcSpeed) refers to scalbnf.o(x$fpl$scalbnf) for __ARM_scalbnf
    stepper_s_speed.o(i.CalcSpeed) refers to faddsub_clz.o(x$fpl$frsb) for __aeabi_frsub
    stepper_s_speed.o(i.CalcSpeed) refers to faddsub_clz.o(x$fpl$fadd) for __aeabi_fadd
    stepper_s_speed.o(i.CalcSpeed) refers to faddsub_clz.o(x$fpl$fsub) for __aeabi_fsub
    stepper_s_speed.o(i.CalcSpeed) refers to noretval__2printf.o(.text) for __2printf
    stepper_s_speed.o(i.CalcSpeed) refers to f2d.o(x$fpl$f2d) for __aeabi_f2d
    stepper_s_speed.o(i.CalcSpeed) refers to pow.o(i.pow) for pow
    stepper_s_speed.o(i.CalcSpeed) refers to d2f.o(x$fpl$d2f) for __aeabi_d2f
    stepper_s_speed.o(i.CalcSpeed) refers to fflt_clz.o(x$fpl$ffltu) for __aeabi_ui2f
    stepper_s_speed.o(i.CalcSpeed) refers to frleqf.o(x$fpl$frleqf) for __aeabi_cfrcmple
    stepper_s_speed.o(i.CalcSpeed) refers to stepper_s_speed.o(.bss) for .bss
    stepper_s_speed.o(i.CalcSpeed) refers to system_stm32f1xx.o(.data) for SystemCoreClock
    stepper_s_speed.o(i.Speed_Decision) refers to noretval__2printf.o(.text) for __2printf
    stepper_s_speed.o(i.Speed_Decision) refers to fflt_clz.o(x$fpl$ffltu) for __aeabi_ui2f
    stepper_s_speed.o(i.Speed_Decision) refers to fdiv.o(x$fpl$fdiv) for __aeabi_fdiv
[...]
    ../fplib/retnan.s                        0x00000000   Number         0  retnan.o ABSOLUTE
    ../fplib/scalbn.s                        0x00000000   Number         0  scalbn.o ABSOLUTE
    ../fplib/scalbnf.s                       0x00000000   Number         0  scalbnf.o ABSOLUTE
    ../fplib/trapv.s                         0x00000000   Number         0  trapv.o ABSOLUTE
    ../fplib/usenofp.s                       0x00000000   Number         0  usenofp.o ABSOLUTE
    ../mathlib/dunder.c                      0x00000000   Number         0  dunder.o ABSOLUTE
    ../mathlib/fpclassify.c                  0x00000000   Number         0  fpclassify.o ABSOLUTE
    ../mathlib/poly.c                        0x00000000   Number         0  poly.o ABSOLUTE
    ../mathlib/pow.c                         0x00000000   Number         0  pow_x.o ABSOLUTE
    ../mathlib/pow.c                         0x00000000   Number         0  pow.o ABSOLUTE
    ../mathlib/qnan.c                        0x00000000   Number         0  qnan.o ABSOLUTE
    ../mathlib/sqrt.c                        0x00000000   Number         0  sqrt_x.o ABSOLUTE
    ../mathlib/sqrt.c                        0x00000000   Number         0  sqrt.o ABSOLUTE
    ..\Core\stepper\stepper_S_speed.c        0x00000000   Number         0  stepper_s_speed.o ABSOLUTE
    ..\Core\stepper\stepper_init.c           0x00000000   Number         0  stepper_init.o ABSOLUTE
    ..\Core\usart\serial_port.c              0x00000000   Number         0  serial_port.o ABSOLUTE
    ..\Drivers\STM32F1xx_HAL_Driver\Src\stm32f1xx_hal.c 0x00000000   Number         0  stm32f1xx_hal.o ABSOLUTE
    ..\Drivers\STM32F1xx_HAL_Driver\Src\stm32f1xx_hal_cortex.c 0x00000000   Number         0  stm32f1xx_hal_cortex.o ABSOLUTE
    ..\Drivers\STM32F1xx_HAL_Driver\Src\stm32f1xx_hal_dma.c 0x00000000   Number         0  stm32f1xx_hal_dma.o ABSOLUTE
    ..\Drivers\STM32F1xx_HAL_Driver\Src\stm32f1xx_hal_exti.c 0x00000000   Number         0  stm32f1xx_hal_exti.o ABSOLUTE
    ..\Drivers\STM32F1xx_HAL_Driver\Src\stm32f1xx_hal_flash.c 0x00000000   Number         0  stm32f1xx_hal_flash.o ABSOLUTE
    ..\Drivers\STM32F1xx_HAL_Driver\Src\stm32f1xx_hal_flash_ex.c 0x00000000   Number         0  stm32f1xx_hal_flash_ex.o ABSOLUTE
    ..\Drivers\STM32F1xx_HAL_Driver\Src\stm32f1xx_hal_gpio.c 0x00000000   Number         0  stm32f1xx_hal_gpio.o ABSOLUTE
    ..\Drivers\STM32F1xx_HAL_Driver\Src\stm32f1xx_hal_gpio_ex.c 0x00000000   Number         0  stm32f1xx_hal_gpio_ex.o ABSOLUTE
    ..\Drivers\STM32F1xx_HAL_Driver\Src\stm32f1xx_hal_pwr.c 0x00000000   Number         0  stm32f1xx_hal_pwr.o ABSOLUTE
    ..\Drivers\STM32F1xx_HAL_Driver\Src\stm32f1xx_hal_rcc.c 0x00000000   Number         0  stm32f1xx_hal_rcc.o ABSOLUTE
    ..\Drivers\STM32F1xx_HAL_Driver\Src\stm32f1xx_hal_rcc_ex.c 0x00000000   Number         0  stm32f1xx_hal_rcc_ex.o ABSOLUTE
    ..\Drivers\STM32F1xx_HAL_Driver\Src\stm32f1xx_hal_tim.c 0x00000000   Number         0  stm32f1xx_hal_tim.o ABSOLUTE
    ..\Drivers\STM32F1xx_HAL_Driver\Src\stm32f1xx_hal_tim_ex.c 0x00000000   Number         0  stm32f1xx_hal_tim_ex.o ABSOLUTE
    ..\Drivers\STM32F1xx_HAL_Driver\Src\stm32f1xx_hal_uart.c 0x00000000   Number         0  stm32f1xx_hal_uart.o ABSOLUTE
    ..\Src\gpio.c                            0x00000000   Number         0  gpio.o ABSOLUTE
    ..\Src\main.c                            0x00000000   Number         0  main.o ABSOLUTE
    ..\Src\stm32f1xx_hal_msp.c               0x00000000   Number         0  stm32f1xx_hal_msp.o ABSOLUTE
    ..\Src\stm32f1xx_it.c                    0x00000000   Number         0  stm32f1xx_it.o ABSOLUTE
    ..\Src\system_stm32f1xx.c                0x00000000   Number         0  system_stm32f1xx.o ABSOLUTE
    ..\Src\tim.c                             0x00000000   Number         0  tim.o ABSOLUTE
    ..\Src\usart.c                           0x00000000   Number         0  usart.o ABSOLUTE
    ..\\Core\\stepper\\stepper_S_speed.c     0x00000000   Number         0  stepper_s_speed.o ABSOLUTE
    ..\\Core\\stepper\\stepper_init.c        0x00000000   Number         0  stepper_init.o ABSOLUTE
    ..\\Core\\usart\\serial_port.c           0x00000000   Number         0  serial_port.o ABSOLUTE
    dc.s                                     0x00000000   Number         0  dc.o ABSOLUTE
    startup_stm32f103xe.s                    0x00000000   Number         0  startup_stm32f103xe.o ABSOLUTE
    RESET                                    0x08000000   Section      304  startup_stm32f103xe.o(RESET)
    !!!main                                  0x08000130   Section        8  __main.o(!!!main)
    !!!scatter                               0x08000138   Section       52  __scatter.o(!!!scatter)
    !!handler_copy                           0x0800016c   Section       26  __scatter_copy.o(!!handler_copy)
    !!handler_zi                             0x08000188   Section       28  __scatter_zi.o(!!handler_zi)
    .ARM.Collect$$_printf_percent$$00000000  0x080001a4   Section        0  _printf_percent.o(.ARM.Collect$$_printf_percent$$00000000)
    .ARM.Collect$$_printf_percent$$00000009  0x080001a4   Section        6  _printf_d.o(.ARM.Collect$$_printf_percent$$00000009)
    .ARM.Collect$$_printf_percent$$00000017  0x080001aa   Section        4  _printf_percent_end.o(.ARM.Collect$$_printf_percent$$00000017)
    .ARM.Collect$$libinit$$00000000          0x080001ae   Section        2  libinit.o(.ARM.Collect$$libinit$$00000000)
    .ARM.Collect$$libinit$$00000002          0x080001b0   Section        0  libinit2.o(.ARM.Collect$$libinit$$00000002)
    .ARM.Collect$$libinit$$00000004          0x080001b0   Section        0  libinit2.o(.ARM.Collect$$libinit$$00000004)
    .ARM.Collect$$libinit$$0000000A          0x080001b0   Section        0  libinit2.o(.ARM.Collect$$libinit$$0000000A)
    .ARM.Collect$$libinit$$0000000C          0x080001b0   Section        0  libinit2.o(.ARM.Collect$$libinit$$0000000C)
    .ARM.Collect$$libinit$$0000000E          0x080001b0   Section        0  libinit2.o(.ARM.Collect$$libinit$$0000000E)
    .ARM.Collect$$libinit$$00000011          0x080001b0   Section        0  libinit2.o(.ARM.Collect$$libinit$$00000011)
    .ARM.Collect$$libinit$$00000013          0x080001b0   Section        0  libinit2.o(.ARM.Collect$$libinit$$00000013)
    .ARM.Collect$$libinit$$00000015          0x080001b0   Section        0  libinit2.o(.ARM.Collect$$libinit$$00000015)
    .ARM.Collect$$libinit$$00000017          0x080001b0   Section        0  libinit2.o(.ARM.Collect$$libinit$$00000017)
    .ARM.Collect$$libinit$$00000019          0x080001b0   Section        0  libinit2.o(.ARM.Collect$$libinit$$00000019)
    .ARM.Collect$$libinit$$0000001B          0x080001b0   Section        0  libinit2.o(.ARM.Collect$$libinit$$0000001B)
    .ARM.Collect$$libinit$$0000001D          0x080001b0   Section        0  libinit2.o(.ARM.Collect$$libinit$$0000001D)
    .ARM.Collect$$libinit$$0000001F          0x080001b0   Section        0  libinit2.o(.ARM.Collect$$libinit$$0000001F)
    .ARM.Collect$$libinit$$00000021          0x080001b0   Section        0  libinit2.o(.ARM.Collect$$libinit$$00000021)
    .ARM.Collect$$libinit$$00000023          0x080001b0   Section        0  libinit2.o(.ARM.Collect$$libinit$$00000023)
    .ARM.Collect$$libinit$$00000025          0x080001b0   Section        0  libinit2.o(.ARM.Collect$$libinit$$00000025)
    .ARM.Collect$$libinit$$0000002C          0x080001b0   Section        0  libinit2.o(.ARM.Collect$$libinit$$0000002C)
    .ARM.Collect$$libinit$$0000002E          0x080001b0   Section        0  libinit2.o(.ARM.Collect$$libinit$$0000002E)
    .ARM.Collect$$libinit$$00000030          0x080001b0   Section        0  libinit2.o(.ARM.Collect$$libinit$$00000030)
    .ARM.Collect$$libinit$$00000032          0x080001b0   Section        0  libinit2.o(.ARM.Collect$$libinit$$00000032)
    .ARM.Collect$$libinit$$00000033          0x080001b0   Section        2  libinit2.o(.ARM.Collect$$libinit$$00000033)
    .ARM.Collect$$libshutdown$$00000000      0x080001b2   Section        2  libshutdown.o(.ARM.Collect$$libshutdown$$00000000)
    .ARM.Collect$$libshutdown$$00000003      0x080001b4   Section        0  libshutdown2.o(.ARM.Collect$$libshutdown$$00000003)
    .ARM.Collect$$libshutdown$$00000006      0x080001b4   Section        0  libshutdown2.o(.ARM.Collect$$libshutdown$$00000006)
    .ARM.Collect$$libshutdown$$00000009      0x080001b4   Section        0  libshutdown2.o(.ARM.Collect$$libshutdown$$00000009)
    .ARM.Collect$$libshutdown$$0000000B      0x080001b4   Section        0  libshutdown2.o(.ARM.Collect$$libshutdown$$0000000B)
    .ARM.Collect$$libshutdown$$0000000E      0x080001b4   Section        0  libshutdown2.o(.ARM.Collect$$libshutdown$$0000000E)
    .ARM.Collect$$libshutdown$$0000000F      0x080001b4   Section        2  libshutdown2.o(.ARM.Collect$$libshutdown$$0000000F)
    .ARM.Collect$$rtentry$$00000000          0x080001b6   Section        0  __rtentry.o(.ARM.Collect$$rtentry$$00000000)
    .ARM.Collect$$rtentry$$00000002          0x080001b6   Section        0  __rtentry2.o(.ARM.Collect$$rtentry$$00000002)
    .ARM.Collect$$rtentry$$00000004          0x080001b6   Section        6  __rtentry4.o(.ARM.Collect$$rtentry$$00000004)
    .ARM.Collect$$rtentry$$00000009          0x080001bc   Section        0  __rtentry2.o(.ARM.Collect$$rtentry$$00000009)
    .ARM.Collect$$rtentry$$0000000A          0x080001bc   Section        4  __rtentry2.o(.ARM.Collect$$rtentry$$0000000A)
    .ARM.Collect$$rtentry$$0000000C          0x080001c0   Section        0  __rtentry2.o(.ARM.Collect$$rtentry$$0000000C)
    .ARM.Collect$$rtentry$$0000000D          0x080001c0   Section        8  __rtentry2.o(.ARM.Collect$$rtentry$$0000000D)
    .ARM.Collect$$rtexit$$00000000           0x080001c8   Section        2  rtexit.o(.ARM.Collect$$rtexit$$00000000)
    .ARM.Collect$$rtexit$$00000002           0x080001ca   Section        0  rtexit2.o(.ARM.Collect$$rtexit$$00000002)
    .ARM.Collect$$rtexit$$00000003           0x080001ca   Section        4  rtexit2.o(.ARM.Collect$$rtexit$$00000003)
    .ARM.Collect$$rtexit$$00000004           0x080001ce   Section        6  rtexit2.o(.ARM.Collect$$rtexit$$00000004)
    .text                                    0x080001d4   Section       64  startup_stm32f103xe.o(.text)
    .text                                    0x08000214   Section        2  use_no_semi_2.o(.text)
    .text                                    0x08000218   Section        0  noretval__2printf.o(.text)
    .text                                    0x08000230   Section        0  __printf.o(.text)
    .text                                    0x08000298   Section        0  _printf_dec.o(.text)
    .text                                    0x08000310   Section       78  rt_memclr_w.o(.text)
    .text                                    0x0800035e   Section        0  heapauxi.o(.text)
    .text                                    0x08000364   Section        2  use_no_semi.o(.text)
    .text                                    0x08000366   Section        0  _rserrno.o(.text)
    .text                                    0x0800037c   Section        0  _printf_intcommon.o(.text)
    .text                                    0x08000430   Section        0  _printf_char_file.o(.text)
    .text                                    0x08000454   Section        8  rt_errno_addr_intlibspace.o(.text)
    .text                                    0x0800045c   Section        0  _printf_char_common.o(.text)
    _printf_input_char                       0x0800045d   Thumb Code    10  _printf_char_common.o(.text)
    .text                                    0x0800048c   Section        0  ferror.o(.text)
    .text                                    0x08000494   Section        8  libspace.o(.text)
    .text                                    0x0800049c   Section       74  sys_stackheap_outer.o(.text)
    .text                                    0x080004e6   Section        0  exit.o(.text)
    i.BusFault_Handler                       0x080004f2   Section        0  stm32f1xx_it.o(i.BusFault_Handler)
    i.CalcSpeed                              0x080004f4   Section        0  stepper_s_speed.o(i.CalcSpeed)
    CalcSpeed                                0x080004f5   Thumb Code   522  stepper_s_speed.o(i.CalcSpeed)
    i.DebugMon_Handler                       0x08000750   Section        0  stm32f1xx_it.o(i.DebugMon_Handler)
    i.Error_Handler                          0x08000752   Section        0  main.o(i.Error_Handler)
    i.HAL_DMA_Abort                          0x08000756   Section        0  stm32f1xx_hal_dma.o(i.HAL_DMA_Abort)
    i.HAL_DMA_Abort_IT                       0x0800079c   Section        0  stm32f1xx_hal_dma.o(i.HAL_DMA_Abort_IT)
    i.HAL_Delay                              0x080008cc   Section        0  stm32f1xx_hal.o(i.HAL_Delay)
    i.HAL_GPIO_Init                          0x080008f0   Section        0  stm32f1xx_hal_gpio.o(i.HAL_GPIO_Init)
    i.HAL_GPIO_WritePin                      0x08000ae8   Section        0  stm32f1xx_hal_gpio.o(i.HAL_GPIO_WritePin)
    i.HAL_GetTick                            0x08000af4   Section        0  stm32f1xx_hal.o(i.HAL_GetTick)
    i.HAL_IncTick                            0x08000b00   Section        0  stm32f1xx_hal.o(i.HAL_IncTick)
    i.HAL_Init                               0x08000b10   Section        0  stm32f1xx_hal.o(i.HAL_Init)
    i.HAL_InitTick                           0x08000b34   Section        0  stm32f1xx_hal.o(i.HAL_InitTick)
    i.HAL_MspInit                            0x08000b74   Section        0  stm32f1xx_hal_msp.o(i.HAL_MspInit)
    i.HAL_NVIC_EnableIRQ                     0x08000bb0   Section        0  stm32f1xx_hal_cortex.o(i.HAL_NVIC_EnableIRQ)
    i.HAL_NVIC_SetPriority                   0x08000bcc   Section        0  stm32f1xx_hal_cortex.o(i.HAL_NVIC_SetPriority)
    i.HAL_NVIC_SetPriorityGrouping           0x08000c0c   Section        0  stm32f1xx_hal_cortex.o(i.HAL_NVIC_SetPriorityGrouping)
    i.HAL_RCC_ClockConfig                    0x08000c30   Section        0  stm32f1xx_hal_rcc.o(i.HAL_RCC_ClockConfig)
    i.HAL_RCC_GetPCLK1Freq                   0x08000d5c   Section        0  stm32f1xx_hal_rcc.o(i.HAL_RCC_GetPCLK1Freq)
    i.HAL_RCC_GetPCLK2Freq                   0x08000d7c   Section        0  stm32f1xx_hal_rcc.o(i.HAL_RCC_GetPCLK2Freq)
    i.HAL_RCC_GetSysClockFreq                0x08000d9c   Section        0  stm32f1xx_hal_rcc.o(i.HAL_RCC_GetSysClockFreq)
    i.HAL_RCC_OscConfig                      0x08000de8   Section        0  stm32f1xx_hal_rcc.o(i.HAL_RCC_OscConfig)
    i.HAL_SYSTICK_Config                     0x08001108   Section        0  stm32f1xx_hal_cortex.o(i.HAL_SYSTICK_Config)
    i.HAL_TIMEx_ConfigBreakDeadTime          0x08001130   Section        0  stm32f1xx_hal_tim_ex.o(i.HAL_TIMEx_ConfigBreakDeadTime)
    i.HAL_TIMEx_MasterConfigSynchronization  0x08001184   Section        0  stm32f1xx_hal_tim_ex.o(i.HAL_TIMEx_MasterConfigSynchronization)
    i.HAL_TIM_Base_Init                      0x08001200   Section        0  stm32f1xx_hal_tim.o(i.HAL_TIM_Base_Init)
    i.HAL_TIM_Base_MspInit                   0x0800125c   Section        0  tim.o(i.HAL_TIM_Base_MspInit)
    i.HAL_TIM_ConfigClockSource              0x08001298   Section        0  stm32f1xx_hal_tim.o(i.HAL_TIM_ConfigClockSource)
    i.HAL_TIM_MspPostInit                    0x08001374   Section        0  tim.o(i.HAL_TIM_MspPostInit)
    i.HAL_TIM_OC_ConfigChannel               0x080013c0   Section        0  stm32f1xx_hal_tim.o(i.HAL_TIM_OC_ConfigChannel)
    i.HAL_TIM_OC_Init                        0x08001412   Section        0  stm32f1xx_hal_tim.o(i.HAL_TIM_OC_Init)
    i.HAL_TIM_OC_MspInit                     0x0800146c   Section        0  stm32f1xx_hal_tim.o(i.HAL_TIM_OC_MspInit)
    i.HAL_TIM_OC_Start_IT                    0x08001470   Section        0  stm32f1xx_hal_tim.o(i.HAL_TIM_OC_Start_IT)
    i.HAL_TIM_OC_Stop_IT                     0x08001550   Section        0  stm32f1xx_hal_tim.o(i.HAL_TIM_OC_Stop_IT)
    i.HAL_UARTEx_RxEventCallback             0x0800160c   Section        0  stm32f1xx_hal_uart.o(i.HAL_UARTEx_RxEventCallback)
    i.HAL_UART_ErrorCallback                 0x0800160e   Section        0  stm32f1xx_hal_uart.o(i.HAL_UART_ErrorCallback)
    i.HAL_UART_IRQHandler                    0x08001610   Section        0  stm32f1xx_hal_uart.o(i.HAL_UART_IRQHandler)
    i.HAL_UART_Init                          0x0800187c   Section        0  stm32f1xx_hal_uart.o(i.HAL_UART_Init)
    i.HAL_UART_MspInit                       0x080018e0   Section        0  usart.o(i.HAL_UART_MspInit)
    i.HAL_UART_RxCpltCallback                0x08001960   Section        0  stm32f1xx_hal_uart.o(i.HAL_UART_RxCpltCallback)
    i.HAL_UART_TxCpltCallback                0x08001962   Section        0  stm32f1xx_hal_uart.o(i.HAL_UART_TxCpltCallback)
    i.HardFault_Handler                      0x08001964   Section        0  stm32f1xx_it.o(i.HardFault_Handler)
    i.MX_GPIO_Init                           0x08001968   Section        0  gpio.o(i.MX_GPIO_Init)
    i.MX_TIM8_Init                           0x080019d8   Section        0  tim.o(i.MX_TIM8_Init)
    i.MX_USART1_UART_Init                    0x08001a9c   Section        0  usart.o(i.MX_USART1_UART_Init)
    i.MemManage_Handler                      0x08001ad4   Section        0  stm32f1xx_it.o(i.MemManage_Handler)
    i.NMI_Handler                            0x08001ad6   Section        0  stm32f1xx_it.o(i.NMI_Handler)
    i.PendSV_Handler                         0x08001ad8   Section        0  stm32f1xx_it.o(i.PendSV_Handler)
    i.SVC_Handler                            0x08001ada   Section        0  stm32f1xx_it.o(i.SVC_Handler)
    i.Speed_Decision                         0x08001adc   Section        0  stepper_s_speed.o(i.Speed_Decision)
    i.Stepper_GPIO_Config                    0x08001c10   Section        0  stepper_init.o(i.Stepper_GPIO_Config)
    Stepper_GPIO_Config                      0x08001c11   Thumb Code   110  stepper_init.o(i.Stepper_GPIO_Config)
    i.Stepper_Move_S                         0x08001c8c   Section        0  stepper_s_speed.o(i.Stepper_Move_S)
    i.SysTick_Handler                        0x08001d64   Section        0  stm32f1xx_it.o(i.SysTick_Handler)
    i.SystemClock_Config                     0x08001d68   Section        0  main.o(i.SystemClock_Config)
    i.SystemInit                             0x08001dc6   Section        0  system_stm32f1xx.o(i.SystemInit)
    i.TIM8_CC_IRQHandler                     0x08001dc8   Section        0  stepper_s_speed.o(i.TIM8_CC_IRQHandler)
    i.TIM_Base_SetConfig                     0x08001dcc   Section        0  stm32f1xx_hal_tim.o(i.TIM_Base_SetConfig)
    i.TIM_CCxChannelCmd                      0x08001e58   Section        0  stm32f1xx_hal_tim.o(i.TIM_CCxChannelCmd)
    i.TIM_ETR_SetConfig                      0x08001e72   Section        0  stm32f1xx_hal_tim.o(i.TIM_ETR_SetConfig)
    i.TIM_ITRx_SetConfig                     0x08001e86   Section        0  stm32f1xx_hal_tim.o(i.TIM_ITRx_SetConfig)
    TIM_ITRx_SetConfig                       0x08001e87   Thumb Code    16  stm32f1xx_hal_tim.o(i.TIM_ITRx_SetConfig)
    i.TIM_OC1_SetConfig                      0x08001e98   Section        0  stm32f1xx_hal_tim.o(i.TIM_OC1_SetConfig)
    TIM_OC1_SetConfig                        0x08001e99   Thumb Code    88  stm32f1xx_hal_tim.o(i.TIM_OC1_SetConfig)
    i.TIM_OC2_SetConfig                      0x08001ef8   Section        0  stm32f1xx_hal_tim.o(i.TIM_OC2_SetConfig)
    i.TIM_OC3_SetConfig                      0x08001f64   Section        0  stm32f1xx_hal_tim.o(i.TIM_OC3_SetConfig)
    TIM_OC3_SetConfig                        0x08001f65   Thumb Code    96  stm32f1xx_hal_tim.o(i.TIM_OC3_SetConfig)
    i.TIM_OC4_SetConfig                      0x08001fcc   Section        0  stm32f1xx_hal_tim.o(i.TIM_OC4_SetConfig)
    TIM_OC4_SetConfig                        0x08001fcd   Thumb Code    70  stm32f1xx_hal_tim.o(i.TIM_OC4_SetConfig)
    i.TIM_PWMOUTPUT_Config                   0x0800201c   Section        0  stepper_init.o(i.TIM_PWMOUTPUT_Config)
    i.TIM_TI1_ConfigInputStage               0x0800207c   Section        0  stm32f1xx_hal_tim.o(i.TIM_TI1_ConfigInputStage)
    TIM_TI1_ConfigInputStage                 0x0800207d   Thumb Code    34  stm32f1xx_hal_tim.o(i.TIM_TI1_ConfigInputStage)
    i.TIM_TI2_ConfigInputStage               0x0800209e   Section        0  stm32f1xx_hal_tim.o(i.TIM_TI2_ConfigInputStage)
    TIM_TI2_ConfigInputStage                 0x0800209f   Thumb Code    36  stm32f1xx_hal_tim.o(i.TIM_TI2_ConfigInputStage)
    i.UART_DMAAbortOnError                   0x080020c2   Section        0  stm32f1xx_hal_uart.o(i.UART_DMAAbortOnError)
    UART_DMAAbortOnError                     0x080020c3   Thumb Code    16  stm32f1xx_hal_uart.o(i.UART_DMAAbortOnError)
    i.UART_EndRxTransfer                     0x080020d2   Section        0  stm32f1xx_hal_uart.o(i.UART_EndRxTransfer)
    UART_EndRxTransfer                       0x080020d3   Thumb Code    78  stm32f1xx_hal_uart.o(i.UART_EndRxTransfer)
    i.UART_Receive_IT                        0x08002120   Section        0  stm32f1xx_hal_uart.o(i.UART_Receive_IT)
    UART_Receive_IT                          0x08002121   Thumb Code   194  stm32f1xx_hal_uart.o(i.UART_Receive_IT)
    i.UART_SetConfig                         0x080021e4   Section        0  stm32f1xx_hal_uart.o(i.UART_SetConfig)
    UART_SetConfig                           0x080021e5   Thumb Code   178  stm32f1xx_hal_uart.o(i.UART_SetConfig)
    i.USART1_IRQHandler                      0x0800229c   Section        0  stm32f1xx_it.o(i.USART1_IRQHandler)
    i.UsageFault_Handler                     0x080022a8   Section        0  stm32f1xx_it.o(i.UsageFault_Handler)
    i.__ARM_fpclassify                       0x080022aa   Section        0  fpclassify.o(i.__ARM_fpclassify)
    i.__NVIC_SetPriority                     0x080022d2   Section        0  stm32f1xx_hal_cortex.o(i.__NVIC_SetPriority)
    __NVIC_SetPriority                       0x080022d3   Thumb Code    32  stm32f1xx_hal_cortex.o(i.__NVIC_SetPriority)
    i.__kernel_poly                          0x080022f2   Section        0  poly.o(i.__kernel_poly)
    i.__mathlib_dbl_divzero                  0x0800239c   Section        0  dunder.o(i.__mathlib_dbl_divzero)
    i.__mathlib_dbl_infnan2                  0x080023ac   Section        0  dunder.o(i.__mathlib_dbl_infnan2)
    i.__mathlib_dbl_invalid                  0x080023b0   Section        0  dunder.o(i.__mathlib_dbl_invalid)
    i.__mathlib_dbl_overflow                 0x080023bc   Section        0  dunder.o(i.__mathlib_dbl_overflow)
    i.__mathlib_dbl_underflow                0x080023cc   Section        0  dunder.o(i.__mathlib_dbl_underflow)
    i._sys_exit                              0x080023dc   Section        0  serial_port.o(i._sys_exit)
    i.fputc                                  0x080023e0   Section        0  serial_port.o(i.fputc)
    i.main                                   0x080023f8   Section        0  main.o(i.main)
    i.pow                                    0x08002430   Section        0  pow.o(i.pow)
    i.sqrt                                   0x08002de8   Section        0  sqrt.o(i.sqrt)
    i.stepper_Init                           0x08002e34   Section        0  stepper_init.o(i.stepper_Init)
    x$fpl$d2f                                0x08002e54   Section       98  d2f.o(x$fpl$d2f)
    x$fpl$dadd                               0x08002eb8   Section      336  daddsub_clz.o(x$fpl$dadd)
    _dadd1                                   0x08002ec9   Thumb Code     0  daddsub_clz.o(x$fpl$dadd)
    x$fpl$dcheck1                            0x08003008   Section       16  dcheck1.o(x$fpl$dcheck1)
    x$fpl$dcmpinf                            0x08003018   Section       24  dcmpi.o(x$fpl$dcmpinf)
    x$fpl$ddiv                               0x08003030   Section      688  ddiv.o(x$fpl$ddiv)
    ddiv_entry                               0x08003037   Thumb Code     0  ddiv.o(x$fpl$ddiv)
    x$fpl$dflt                               0x080032e0   Section       46  dflt_clz.o(x$fpl$dflt)
    x$fpl$dleqf                              0x08003310   Section      120  dleqf.o(x$fpl$dleqf)
    x$fpl$dmul                               0x08003388   Section      340  dmul.o(x$fpl$dmul)
    x$fpl$dnaninf                            0x080034dc   Section      156  dnaninf.o(x$fpl$dnaninf)
    x$fpl$dretinf                            0x08003578   Section       12  dretinf.o(x$fpl$dretinf)
    x$fpl$drleqf                             0x08003584   Section      108  drleqf.o(x$fpl$drleqf)
    x$fpl$drsb                               0x080035f0   Section       22  daddsub_clz.o(x$fpl$drsb)
    x$fpl$dsqrt                              0x08003608   Section      460  dsqrt_noumaal.o(x$fpl$dsqrt)
    x$fpl$dsub                               0x080037d4   Section      468  daddsub_clz.o(x$fpl$dsub)
    _dsub1                                   0x080037e5   Thumb Code     0  daddsub_clz.o(x$fpl$dsub)
    x$fpl$f2d                                0x080039a8   Section       86  f2d.o(x$fpl$f2d)
    x$fpl$fadd                               0x08003a00   Section      196  faddsub_clz.o(x$fpl$fadd)
    _fadd1                                   0x08003a0f   Thumb Code     0  faddsub_clz.o(x$fpl$fadd)
    x$fpl$fcheck1                            0x08003ac4   Section       12  fcheck1.o(x$fpl$fcheck1)
    x$fpl$fcmpinf                            0x08003ad0   Section       24  fcmpi.o(x$fpl$fcmpinf)
    x$fpl$fdiv                               0x08003ae8   Section      388  fdiv.o(x$fpl$fdiv)
    _fdiv1                                   0x08003ae9   Thumb Code     0  fdiv.o(x$fpl$fdiv)
    x$fpl$ffix                               0x08003c6c   Section       54  ffix.o(x$fpl$ffix)
    x$fpl$ffixu                              0x08003ca4   Section       62  ffixu.o(x$fpl$ffixu)
    x$fpl$fflt                               0x08003ce4   Section       48  fflt_clz.o(x$fpl$fflt)
    x$fpl$ffltu                              0x08003d14   Section       38  fflt_clz.o(x$fpl$ffltu)
    x$fpl$fleqf                              0x08003d3c   Section      104  fleqf.o(x$fpl$fleqf)
    x$fpl$fmul                               0x08003da4   Section      258  fmul.o(x$fpl$fmul)
    x$fpl$fnaninf                            0x08003ea6   Section      140  fnaninf.o(x$fpl$fnaninf)
    x$fpl$fretinf                            0x08003f32   Section       10  fretinf.o(x$fpl$fretinf)
    x$fpl$frleqf                             0x08003f3c   Section       98  frleqf.o(x$fpl$frleqf)
    x$fpl$frsb                               0x08003f9e   Section       20  faddsub_clz.o(x$fpl$frsb)
    x$fpl$fsub                               0x08003fb4   Section      234  faddsub_clz.o(x$fpl$fsub)
    _fsub1                                   0x08003fc3   Thumb Code     0  faddsub_clz.o(x$fpl$fsub)
    x$fpl$retnan                             0x0800409e   Section      100  retnan.o(x$fpl$retnan)
    x$fpl$scalbn                             0x08004102   Section       92  scalbn.o(x$fpl$scalbn)
    x$fpl$scalbnf                            0x0800415e   Section       76  scalbnf.o(x$fpl$scalbnf)
    x$fpl$trapveneer                         0x080041aa   Section       48  trapv.o(x$fpl$trapveneer)
    .constdata                               0x080041da   Section       18  stm32f1xx_hal_rcc.o(.constdata)
    x$fpl$usenofp                            0x080041da   Section        0  usenofp.o(x$fpl$usenofp)
    aPredivFactorTable                       0x080041da   Data           2  stm32f1xx_hal_rcc.o(.constdata)
    aPLLMULFactorTable                       0x080041dc   Data          16  stm32f1xx_hal_rcc.o(.constdata)
    .constdata                               0x080041ec   Section       16  system_stm32f1xx.o(.constdata)
    .constdata                               0x080041fc   Section        8  system_stm32f1xx.o(.constdata)
    .constdata                               0x08004208   Section      136  pow.o(.constdata)
    bp                                       0x08004208   Data          16  pow.o(.constdata)
    dp_h                                     0x08004218   Data          16  pow.o(.constdata)
    dp_l                                     0x08004228   Data          16  pow.o(.constdata)
    L                                        0x08004238   Data          48  pow.o(.constdata)
    P                                        0x08004268   Data          40  pow.o(.constdata)
    .constdata                               0x08004290   Section        8  qnan.o(.constdata)
    .data                                    0x20000000   Section        8  stepper_s_speed.o(.data)
    i                                        0x20000000   Data           1  stepper_s_speed.o(.data)
    index                                    0x20000004   Data           4  stepper_s_speed.o(.data)
    .data                                    0x20000008   Section        4  serial_port.o(.data)
    .data                                    0x2000000c   Section       12  stm32f1xx_hal.o(.data)
    .data                                    0x20000018   Section        4  system_stm32f1xx.o(.data)
    .bss                                     0x2000001c   Section       72  stepper_init.o(.bss)
    .bss                                     0x20000064   Section    32040  stepper_s_speed.o(.bss)
    .bss                                     0x20007d8c   Section       72  tim.o(.bss)
    .bss                                     0x20007dd4   Section       72  usart.o(.bss)
    .bss                                     0x20007e1c   Section       96  libspace.o(.bss)
    HEAP                                     0x20007e80   Section      512  startup_stm32f103xe.o(HEAP)
    Heap_Mem                                 0x20007e80   Data         512  startup_stm32f103xe.o(HEAP)
    STACK                                    0x20008080   Section     1024  startup_stm32f103xe.o(STACK)
    Stack_Mem                                0x20008080   Data        1024  startup_stm32f103xe.o(STACK)
    __initial_sp                             0x20008480   Data           0  startup_stm32f103xe.o(STACK)

    Global Symbols

    Symbol Name                              Value     Ov Type        Size  Object(Section)

    BuildAttributes$$THM_ISAv4$P$D$K$B$S$PE$A:L22UL41UL21$X:L11$S22US41US21$IEEE1$IW$USESV6$~STKCKD$USESV7$~SHL$OTIME$ROPI$IEEEX$EBA8$UX$STANDARDLIB$REQ8$PRES8$EABIv2 0x00000000   Number         0  anon$$obj.o ABSOLUTE
    __ARM_use_no_argv                        0x00000000   Number         0  main.o ABSOLUTE
    __ARM_exceptions_init                     - Undefined Weak Reference
    __alloca_initialize                       - Undefined Weak Reference
    __arm_preinit_                            - Undefined Weak Reference
    __cpp_initialize__aeabi_                  - Undefined Weak Reference
    __cxa_finalize                            - Undefined Weak Reference
    __rt_locale                               - Undefined Weak Reference
    __sigvec_lookup                           - Undefined Weak Reference
    _atexit_init                              - Undefined Weak Reference
    _call_atexit_fns                          - Undefined Weak Reference
    _clock_init                               - Undefined Weak Reference
    _fp_trap_init                             - Undefined Weak Reference
    _fp_trap_shutdown                         - Undefined Weak Reference
    _get_lc_collate                           - Undefined Weak Reference
    _get_lc_ctype                             - Undefined Weak Reference
    _get_lc_monetary                          - Undefined Weak Reference
    _get_lc_numeric                           - Undefined Weak Reference
    _get_lc_time                              - Undefined Weak Reference
    _getenv_init                              - Undefined Weak Reference
    _handle_redirection                       - Undefined Weak Reference
    _init_alloc                               - Undefined Weak Reference
    _init_user_alloc                          - Undefined Weak Reference
    _initio                                   - Undefined Weak Reference
    _mutex_acquire                            - Undefined Weak Reference
    _mutex_release                            - Undefined Weak Reference
    _printf_post_padding                      - Undefined Weak Reference
    _printf_pre_padding                       - Undefined Weak Reference
    _printf_truncate_signed                   - Undefined Weak Reference
    _printf_truncate_unsigned                 - Undefined Weak Reference
    _rand_init                                - Undefined Weak Reference
    _signal_finish                            - Undefined Weak Reference
    _signal_init                              - Undefined Weak Reference
    _terminate_alloc                          - Undefined Weak Reference
    _terminate_user_alloc                     - Undefined Weak Reference
    _terminateio                              - Undefined Weak Reference
    __Vectors_Size                           0x00000130   Number         0  startup_stm32f103xe.o ABSOLUTE
    __Vectors                                0x08000000   Data           4  startup_stm32f103xe.o(RESET)
    __Vectors_End                            0x08000130   Data           0  startup_stm32f103xe.o(RESET)
    __main                                   0x08000131   Thumb Code     8  __main.o(!!!main)
    __scatterload                            0x08000139   Thumb Code     0  __scatter.o(!!!scatter)
    __scatterload_rt2                        0x08000139   Thumb Code    44  __scatter.o(!!!scatter)
    __scatterload_rt2_thumb_only             0x08000139   Thumb Code     0  __scatter.o(!!!scatter)
    __scatterload_null                       0x08000147   Thumb Code     0  __scatter.o(!!!scatter)
    __scatterload_copy                       0x0800016d   Thumb Code    26  __scatter_copy.o(!!handler_copy)
    __scatterload_zeroinit                   0x08000189   Thumb Code    28  __scatter_zi.o(!!handler_zi)
    _printf_d                                0x080001a5   Thumb Code     0  _printf_d.o(.ARM.Collect$$_printf_percent$$00000009)
    _printf_percent                          0x080001a5   Thumb Code     0  _printf_percent.o(.ARM.Collect$$_printf_percent$$00000000)
    _printf_percent_end                      0x080001ab   Thumb Code     0  _printf_percent_end.o(.ARM.Collect$$_printf_percent$$00000017)
    __rt_lib_init                            0x080001af   Thumb Code     0  libinit.o(.ARM.Collect$$libinit$$00000000)
    __rt_lib_init_alloca_1                   0x080001b1   Thumb Code     0  libinit2.o(.ARM.Collect$$libinit$$0000002E)
    __rt_lib_init_argv_1                     0x080001b1   Thumb Code     0  libinit2.o(.ARM.Collect$$libinit$$0000002C)
    __rt_lib_init_atexit_1                   0x080001b1   Thumb Code     0  libinit2.o(.ARM.Collect$$libinit$$0000001B)
    __rt_lib_init_clock_1                    0x080001b1   Thumb Code     0  libinit2.o(.ARM.Collect$$libinit$$00000021)
    __rt_lib_init_cpp_1                      0x080001b1   Thumb Code     0  libinit2.o(.ARM.Collect$$libinit$$00000032)
    __rt_lib_init_exceptions_1               0x080001b1   Thumb Code     0  libinit2.o(.ARM.Collect$$libinit$$00000030)
    __rt_lib_init_fp_1                       0x080001b1   Thumb Code     0  libinit2.o(.ARM.Collect$$libinit$$00000002)
    __rt_lib_init_fp_trap_1                  0x080001b1   Thumb Code     0  libinit2.o(.ARM.Collect$$libinit$$0000001F)
    __rt_lib_init_getenv_1                   0x080001b1   Thumb Code     0  libinit2.o(.ARM.Collect$$libinit$$00000023)
    __rt_lib_init_heap_1                     0x080001b1   Thumb Code     0  libinit2.o(.ARM.Collect$$libinit$$0000000A)
    __rt_lib_init_lc_collate_1               0x080001b1   Thumb Code     0  libinit2.o(.ARM.Collect$$libinit$$00000011)
    __rt_lib_init_lc_ctype_1                 0x080001b1   Thumb Code     0  libinit2.o(.ARM.Collect$$libinit$$00000013)
    __rt_lib_init_lc_monetary_1              0x080001b1   Thumb Code     0  libinit2.o(.ARM.Collect$$libinit$$00000015)
    __rt_lib_init_lc_numeric_1               0x080001b1   Thumb Code     0  libinit2.o(.ARM.Collect$$libinit$$00000017)
    __rt_lib_init_lc_time_1                  0x080001b1   Thumb Code     0  libinit2.o(.ARM.Collect$$libinit$$00000019)
    __rt_lib_init_preinit_1                  0x080001b1   Thumb Code     0  libinit2.o(.ARM.Collect$$libinit$$00000004)
    __rt_lib_init_rand_1                     0x080001b1   Thumb Code     0  libinit2.o(.ARM.Collect$$libinit$$0000000E)
    __rt_lib_init_return                     0x080001b1   Thumb Code     0  libinit2.o(.ARM.Collect$$libinit$$00000033)
    __rt_lib_init_signal_1                   0x080001b1   Thumb Code     0  libinit2.o(.ARM.Collect$$libinit$$0000001D)
    __rt_lib_init_stdio_1                    0x080001b1   Thumb Code     0  libinit2.o(.ARM.Collect$$libinit$$00000025)
    __rt_lib_init_user_alloc_1               0x080001b1   Thumb Code     0  libinit2.o(.ARM.Collect$$libinit$$0000000C)
    __rt_lib_shutdown                        0x080001b3   Thumb Code     0  libshutdown.o(.ARM.Collect$$libshutdown$$00000000)
    __rt_lib_shutdown_fp_trap_1              0x080001b5   Thumb Code     0  libshutdown2.o(.ARM.Collect$$libshutdown$$00000006)
    __rt_lib_shutdown_heap_1                 0x080001b5   Thumb Code     0  libshutdown2.o(.ARM.Collect$$libshutdown$$0000000E)
    __rt_lib_shutdown_return                 0x080001b5   Thumb Code     0  libshutdown2.o(.ARM.Collect$$libshutdown$$0000000F)
    __rt_lib_shutdown_signal_1               0x080001b5   Thumb Code     0  libshutdown2.o(.ARM.Collect$$libshutdown$$00000009)
    __rt_lib_shutdown_stdio_1                0x080001b5   Thumb Code     0  libshutdown2.o(.ARM.Collect$$libshutdown$$00000003)
    __rt_lib_shutdown_user_alloc_1           0x080001b5   Thumb Code     0  libshutdown2.o(.ARM.Collect$$libshutdown$$0000000B)
    __rt_entry                               0x080001b7   Thumb Code     0  __rtentry.o(.ARM.Collect$$rtentry$$00000000)
    __rt_entry_presh_1                       0x080001b7   Thumb Code     0  __rtentry2.o(.ARM.Collect$$rtentry$$00000002)
    __rt_entry_sh                            0x080001b7   Thumb Code     0  __rtentry4.o(.ARM.Collect$$rtentry$$00000004)
    __rt_entry_li                            0x080001bd   Thumb Code     0  __rtentry2.o(.ARM.Collect$$rtentry$$0000000A)
    __rt_entry_postsh_1                      0x080001bd   Thumb Code     0  __rtentry2.o(.ARM.Collect$$rtentry$$00000009)
    __rt_entry_main                          0x080001c1   Thumb Code     0  __rtentry2.o(.ARM.Collect$$rtentry$$0000000D)
    __rt_entry_postli_1                      0x080001c1   Thumb Code     0  __rtentry2.o(.ARM.Collect$$rtentry$$0000000C)
    __rt_exit                                0x080001c9   Thumb Code     0  rtexit.o(.ARM.Collect$$rtexit$$00000000)
    __rt_exit_ls                             0x080001cb   Thumb Code     0  rtexit2.o(.ARM.Collect$$rtexit$$00000003)
    __rt_exit_prels_1                        0x080001cb   Thumb Code     0  rtexit2.o(.ARM.Collect$$rtexit$$00000002)
    __rt_exit_exit                           0x080001cf   Thumb Code     0  rtexit2.o(.ARM.Collect$$rtexit$$00000004)
    Reset_Handler                            0x080001d5   Thumb Code     8  startup_stm32f103xe.o(.text)
    ADC1_2_IRQHandler                        0x080001ef   Thumb Code     0  startup_stm32f103xe.o(.text)
    ADC3_IRQHandler                          0x080001ef   Thumb Code     0  startup_stm32f103xe.o(.text)
    CAN1_RX1_IRQHandler                      0x080001ef   Thumb Code     0  startup_stm32f103xe.o(.text)
    CAN1_SCE_IRQHandler                      0x080001ef   Thumb Code     0  startup_stm32f103xe.o(.text)
    DMA1_Channel1_IRQHandler                 0x080001ef   Thumb Code     0  startup_stm32f103xe.o(.text)
    DMA1_Channel2_IRQHandler                 0x080001ef   Thumb Code     0  startup_stm32f103xe.o(.text)
    DMA1_Channel3_IRQHandler                 0x080001ef   Thumb Code     0  startup_stm32f103xe.o(.text)
    DMA1_Channel4_IRQHandler                 0x080001ef   Thumb Code     0  startup_stm32f103xe.o(.text)
    DMA1_Channel5_IRQHandler                 0x080001ef   Thumb Code     0  startup_stm32f103xe.o(.text)
    DMA1_Channel6_IRQHandler                 0x080001ef   Thumb Code     0  startup_stm32f103xe.o(.text)
    DMA1_Channel7_IRQHandler                 0x080001ef   Thumb Code     0  startup_stm32f103xe.o(.text)
    DMA2_Channel1_IRQHandler                 0x080001ef   Thumb Code     0  startup_stm32f103xe.o(.text)
    DMA2_Channel2_IRQHandler                 0x080001ef   Thumb Code     0  startup_stm32f103xe.o(.text)
    DMA2_Channel3_IRQHandler                 0x080001ef   Thumb Code     0  startup_stm32f103xe.o(.text)
    DMA2_Channel4_5_IRQHandler               0x080001ef   Thumb Code     0  startup_stm32f103xe.o(.text)
    EXTI0_IRQHandler                         0x080001ef   Thumb Code     0  startup_stm32f103xe.o(.text)
    EXTI15_10_IRQHandler                     0x080001ef   Thumb Code     0  startup_stm32f103xe.o(.text)
    EXTI1_IRQHandler                         0x080001ef   Thumb Code     0  startup_stm32f103xe.o(.text)
    EXTI2_IRQHandler                         0x080001ef   Thumb Code     0  startup_stm32f103xe.o(.text)
    EXTI3_IRQHandler                         0x080001ef   Thumb Code     0  startup_stm32f103xe.o(.text)
    EXTI4_IRQHandler                         0x080001ef   Thumb Code     0  startup_stm32f103xe.o(.text)
    EXTI9_5_IRQHandler                       0x080001ef   Thumb Code     0  startup_stm32f103xe.o(.text)
    FLASH_IRQHandler                         0x080001ef   Thumb Code     0  startup_stm32f103xe.o(.text)
    FSMC_IRQHandler                          0x080001ef   Thumb Code     0  startup_stm32f103xe.o(.text)
    I2C1_ER_IRQHandler                       0x080001ef   Thumb Code     0  startup_stm32f103xe.o(.text)
    I2C1_EV_IRQHandler                       0x080001ef   Thumb Code     0  startup_stm32f103xe.o(.text)
    I2C2_ER_IRQHandler                       0x080001ef   Thumb Code     0  startup_stm32f103xe.o(.text)
    I2C2_EV_IRQHandler                       0x080001ef   Thumb Code     0  startup_stm32f103xe.o(.text)
    PVD_IRQHandler                           0x080001ef   Thumb Code     0  startup_stm32f103xe.o(.text)
    RCC_IRQHandler                           0x080001ef   Thumb Code     0  startup_stm32f103xe.o(.text)
    RTC_Alarm_IRQHandler                     0x080001ef   Thumb Code     0  startup_stm32f103xe.o(.text)
    RTC_IRQHandler                           0x080001ef   Thumb Code     0  startup_stm32f103xe.o(.text)
    SDIO_IRQHandler                          0x080001ef   Thumb Code     0  startup_stm32f103xe.o(.text)
    SPI1_IRQHandler                          0x080001ef   Thumb Code     0  startup_stm32f103xe.o(.text)
    SPI2_IRQHandler                          0x080001ef   Thumb Code     0  startup_stm32f103xe.o(.text)
    SPI3_IRQHandler                          0x080001ef   Thumb Code     0  startup_stm32f103xe.o(.text)
    TAMPER_IRQHandler                        0x080001ef   Thumb Code     0  startup_stm32f103xe.o(.text)
    TIM1_BRK_IRQHandler                      0x080001ef   Thumb Code     0  startup_stm32f103xe.o(.text)
    TIM1_CC_IRQHandler                       0x080001ef   Thumb Code     0  startup_stm32f103xe.o(.text)
    TIM1_TRG_COM_IRQHandler                  0x080001ef   Thumb Code     0  startup_stm32f103xe.o(.text)
    TIM1_UP_IRQHandler                       0x080001ef   Thumb Code     0  startup_stm32f103xe.o(.text)
    TIM2_IRQHandler                          0x080001ef   Thumb Code     0  startup_stm32f103xe.o(.text)
    TIM3_IRQHandler                          0x080001ef   Thumb Code     0  startup_stm32f103xe.o(.text)
    TIM4_IRQHandler                          0x080001ef   Thumb Code     0  startup_stm32f103xe.o(.text)
    TIM5_IRQHandler                          0x080001ef   Thumb Code     0  startup_stm32f103xe.o(.text)
    TIM6_IRQHandler                          0x080001ef   Thumb Code     0  startup_stm32f103xe.o(.text)
    TIM7_IRQHandler                          0x080001ef   Thumb Code     0  startup_stm32f103xe.o(.text)
    TIM8_BRK_IRQHandler                      0x080001ef   Thumb Code     0  startup_stm32f103xe.o(.text)
    TIM8_TRG_COM_IRQHandler                  0x080001ef   Thumb Code     0  startup_stm32f103xe.o(.text)
    TIM8_UP_IRQHandler                       0x080001ef   Thumb Code     0  startup_stm32f103xe.o(.text)
    UART4_IRQHandler                         0x080001ef   Thumb Code     0  startup_stm32f103xe.o(.text)
    UART5_IRQHandler                         0x080001ef   Thumb Code     0  startup_stm32f103xe.o(.text)
    USART2_IRQHandler                        0x080001ef   Thumb Code     0  startup_stm32f103xe.o(.text)
    USART3_IRQHandler                        0x080001ef   Thumb Code     0  startup_stm32f103xe.o(.text)
    USBWakeUp_IRQHandler                     0x080001ef   Thumb Code     0  startup_stm32f103xe.o(.text)
    USB_HP_CAN1_TX_IRQHandler                0x080001ef   Thumb Code     0  startup_stm32f103xe.o(.text)
    USB_LP_CAN1_RX0_IRQHandler               0x080001ef   Thumb Code     0  startup_stm32f103xe.o(.text)
    WWDG_IRQHandler                          0x080001ef   Thumb Code     0  startup_stm32f103xe.o(.text)
    __user_initial_stackheap                 0x080001f1   Thumb Code     0  startup_stm32f103xe.o(.text)
    __use_no_semihosting                     0x08000215   Thumb Code     2  use_no_semi_2.o(.text)
    __2printf                                0x08000219   Thumb Code    20  noretval__2printf.o(.text)
    __printf                                 0x08000231   Thumb Code   104  __printf.o(.text)
    _printf_int_dec                          0x08000299   Thumb Code   104  _printf_dec.o(.text)
    __aeabi_memclr4                          0x08000311   Thumb Code     0  rt_memclr_w.o(.text)
    __aeabi_memclr8                          0x08000311   Thumb Code     0  rt_memclr_w.o(.text)
    __rt_memclr_w                            0x08000311   Thumb Code    78  rt_memclr_w.o(.text)
    _memset_w                                0x08000315   Thumb Code     0  rt_memclr_w.o(.text)
    __use_two_region_memory                  0x0800035f   Thumb Code     2  heapauxi.o(.text)
    __rt_heap_escrow$2region                 0x08000361   Thumb Code     2  heapauxi.o(.text)
    __rt_heap_expand$2region                 0x08000363   Thumb Code     2  heapauxi.o(.text)
    __I$use$semihosting                      0x08000365   Thumb Code     0  use_no_semi.o(.text)
    __use_no_semihosting_swi                 0x08000365   Thumb Code     2  use_no_semi.o(.text)
    __read_errno                             0x08000367   Thumb Code    10  _rserrno.o(.text)
    __set_errno                              0x08000371   Thumb Code    12  _rserrno.o(.text)
    _printf_int_common                       0x0800037d   Thumb Code   178  _printf_intcommon.o(.text)
    _printf_char_file                        0x08000431   Thumb Code    32  _printf_char_file.o(.text)
    __aeabi_errno_addr                       0x08000455   Thumb Code     8  rt_errno_addr_intlibspace.o(.text)
    __errno$intlibspace                      0x08000455   Thumb Code     0  rt_errno_addr_intlibspace.o(.text)
    __rt_errno_addr$intlibspace              0x08000455   Thumb Code     0  rt_errno_addr_intlibspace.o(.text)
    _printf_char_common                      0x08000467   Thumb Code    32  _printf_char_common.o(.text)
    ferror                                   0x0800048d   Thumb Code     8  ferror.o(.text)
    __user_libspace                          0x08000495   Thumb Code     8  libspace.o(.text)
    __user_perproc_libspace                  0x08000495   Thumb Code     0  libspace.o(.text)
    __user_perthread_libspace                0x08000495   Thumb Code     0  libspace.o(.text)
    __user_setup_stackheap                   0x0800049d   Thumb Code    74  sys_stackheap_outer.o(.text)
    exit                                     0x080004e7   Thumb Code    12  exit.o(.text)
    BusFault_Handler                         0x080004f3   Thumb Code     2  stm32f1xx_it.o(i.BusFault_Handler)
    DebugMon_Handler                         0x08000751   Thumb Code     2  stm32f1xx_it.o(i.DebugMon_Handler)
    Error_Handler                            0x08000753   Thumb Code     4  main.o(i.Error_Handler)
    HAL_DMA_Abort                            0x08000757   Thumb Code    70  stm32f1xx_hal_dma.o(i.HAL_DMA_Abort)
    HAL_DMA_Abort_IT                         0x0800079d   Thumb Code   296  stm32f1xx_hal_dma.o(i.HAL_DMA_Abort_IT)
    HAL_Delay                                0x080008cd   Thumb Code    32  stm32f1xx_hal.o(i.HAL_Delay)
    HAL_GPIO_Init                            0x080008f1   Thumb Code   462  stm32f1xx_hal_gpio.o(i.HAL_GPIO_Init)
    HAL_GPIO_WritePin                        0x08000ae9   Thumb Code    10  stm32f1xx_hal_gpio.o(i.HAL_GPIO_WritePin)
    HAL_GetTick                              0x08000af5   Thumb Code     6  stm32f1xx_hal.o(i.HAL_GetTick)
    HAL_IncTick                              0x08000b01   Thumb Code    12  stm32f1xx_hal.o(i.HAL_IncTick)
    HAL_Init                                 0x08000b11   Thumb Code    32  stm32f1xx_hal.o(i.HAL_Init)
    HAL_InitTick                             0x08000b35   Thumb Code    54  stm32f1xx_hal.o(i.HAL_InitTick)
    HAL_MspInit                              0x08000b75   Thumb Code    52  stm32f1xx_hal_msp.o(i.HAL_MspInit)
    HAL_NVIC_EnableIRQ                       0x08000bb1   Thumb Code    26  stm32f1xx_hal_cortex.o(i.HAL_NVIC_EnableIRQ)
    HAL_NVIC_SetPriority                     0x08000bcd   Thumb Code    60  stm32f1xx_hal_cortex.o(i.HAL_NVIC_SetPriority)
    HAL_NVIC_SetPriorityGrouping             0x08000c0d   Thumb Code    26  stm32f1xx_hal_cortex.o(i.HAL_NVIC_SetPriorityGrouping)
    HAL_RCC_ClockConfig                      0x08000c31   Thumb Code   280  stm32f1xx_hal_rcc.o(i.HAL_RCC_ClockConfig)
    HAL_RCC_GetPCLK1Freq                     0x08000d5d   Thumb Code    20  stm32f1xx_hal_rcc.o(i.HAL_RCC_GetPCLK1Freq)
    HAL_RCC_GetPCLK2Freq                     0x08000d7d   Thumb Code    20  stm32f1xx_hal_rcc.o(i.HAL_RCC_GetPCLK2Freq)
    HAL_RCC_GetSysClockFreq                  0x08000d9d   Thumb Code    58  stm32f1xx_hal_rcc.o(i.HAL_RCC_GetSysClockFreq)
    HAL_RCC_OscConfig                        0x08000de9   Thumb Code   778  stm32f1xx_hal_rcc.o(i.HAL_RCC_OscConfig)
    HAL_SYSTICK_Config                       0x08001109   Thumb Code    40  stm32f1xx_hal_cortex.o(i.HAL_SYSTICK_Config)
    HAL_TIMEx_ConfigBreakDeadTime            0x08001131   Thumb Code    84  stm32f1xx_hal_tim_ex.o(i.HAL_TIMEx_ConfigBreakDeadTime)
    HAL_TIMEx_MasterConfigSynchronization    0x08001185   Thumb Code   104  stm32f1xx_hal_tim_ex.o(i.HAL_TIMEx_MasterConfigSynchronization)
    HAL_TIM_Base_Init                        0x08001201   Thumb Code    90  stm32f1xx_hal_tim.o(i.HAL_TIM_Base_Init)
    HAL_TIM_Base_MspInit                     0x0800125d   Thumb Code    50  tim.o(i.HAL_TIM_Base_MspInit)
    HAL_TIM_ConfigClockSource                0x08001299   Thumb Code   220  stm32f1xx_hal_tim.o(i.HAL_TIM_ConfigClockSource)
    HAL_TIM_MspPostInit                      0x08001375   Thumb Code    62  tim.o(i.HAL_TIM_MspPostInit)
    HAL_TIM_OC_ConfigChannel                 0x080013c1   Thumb Code    82  stm32f1xx_hal_tim.o(i.HAL_TIM_OC_ConfigChannel)
    HAL_TIM_OC_Init                          0x08001413   Thumb Code    90  stm32f1xx_hal_tim.o(i.HAL_TIM_OC_Init)
    HAL_TIM_OC_MspInit                       0x0800146d   Thumb Code     2  stm32f1xx_hal_tim.o(i.HAL_TIM_OC_MspInit)
    HAL_TIM_OC_Start_IT                      0x08001471   Thumb Code   204  stm32f1xx_hal_tim.o(i.HAL_TIM_OC_Start_IT)
    HAL_TIM_OC_Stop_IT                       0x08001551   Thumb Code   178  stm32f1xx_hal_tim.o(i.HAL_TIM_OC_Stop_IT)
    HAL_UARTEx_RxEventCallback               0x0800160d   Thumb Code     2  stm32f1xx_hal_uart.o(i.HAL_UARTEx_RxEventCallback)
    HAL_UART_ErrorCallback                   0x0800160f   Thumb Code     2  stm32f1xx_hal_uart.o(i.HAL_UART_ErrorCallback)
    HAL_UART_IRQHandler                      0x08001611   Thumb Code   616  stm32f1xx_hal_uart.o(i.HAL_UART_IRQHandler)
    HAL_UART_Init                            0x0800187d   Thumb Code   100  stm32f1xx_hal_uart.o(i.HAL_UART_Init)
    HAL_UART_MspInit                         0x080018e1   Thumb Code   116  usart.o(i.HAL_UART_MspInit)
    HAL_UART_RxCpltCallback                  0x08001961   Thumb Code     2  stm32f1xx_hal_uart.o(i.HAL_UART_RxCpltCallback)
    HAL_UART_TxCpltCallback                  0x08001963   Thumb Code     2  stm32f1xx_hal_uart.o(i.HAL_UART_TxCpltCallback)
    HardFault_Handler                        0x08001965   Thumb Code     2  stm32f1xx_it.o(i.HardFault_Handler)
    MX_GPIO_Init                             0x08001969   Thumb Code   102  gpio.o(i.MX_GPIO_Init)
    MX_TIM8_Init                             0x080019d9   Thumb Code   188  tim.o(i.MX_TIM8_Init)
    MX_USART1_UART_Init                      0x08001a9d   Thumb Code    48  usart.o(i.MX_USART1_UART_Init)
    MemManage_Handler                        0x08001ad5   Thumb Code     2  stm32f1xx_it.o(i.MemManage_Handler)
    NMI_Handler                              0x08001ad7   Thumb Code     2  stm32f1xx_it.o(i.NMI_Handler)
    PendSV_Handler                           0x08001ad9   Thumb Code     2  stm32f1xx_it.o(i.PendSV_Handler)
    SVC_Handler                              0x08001adb   Thumb Code     2  stm32f1xx_it.o(i.SVC_Handler)
    Speed_Decision                           0x08001add   Thumb Code   254  stepper_s_speed.o(i.Speed_Decision)
    Stepper_Move_S                           0x08001c8d   Thumb Code   158  stepper_s_speed.o(i.Stepper_Move_S)
    SysTick_Handler                          0x08001d65   Thumb Code     4  stm32f1xx_it.o(i.SysTick_Handler)
    SystemClock_Config                       0x08001d69   Thumb Code    94  main.o(i.SystemClock_Config)
    SystemInit                               0x08001dc7   Thumb Code     2  system_stm32f1xx.o(i.SystemInit)
    TIM8_CC_IRQHandler                       0x08001dc9   Thumb Code     4  stepper_s_speed.o(i.TIM8_CC_IRQHandler)
    TIM_Base_SetConfig                       0x08001dcd   Thumb Code   120  stm32f1xx_hal_tim.o(i.TIM_Base_SetConfig)
    TIM_CCxChannelCmd                        0x08001e59   Thumb Code    26  stm32f1xx_hal_tim.o(i.TIM_CCxChannelCmd)
    TIM_ETR_SetConfig                        0x08001e73   Thumb Code    20  stm32f1xx_hal_tim.o(i.TIM_ETR_SetConfig)
    TIM_OC2_SetConfig                        0x08001ef9   Thumb Code    98  stm32f1xx_hal_tim.o(i.TIM_OC2_SetConfig)
    TIM_PWMOUTPUT_Config                     0x0800201d   Thumb Code    82  stepper_init.o(i.TIM_PWMOUTPUT_Config)
    USART1_IRQHandler                        0x0800229d   Thumb Code     6  stm32f1xx_it.o(i.USART1_IRQHandler)
    UsageFault_Handler                       0x080022a9   Thumb Code     2  stm32f1xx_it.o(i.UsageFault_Handler)
    __ARM_fpclassify                         0x080022ab   Thumb Code    40  fpclassify.o(i.__ARM_fpclassify)
    __kernel_poly                            0x080022f3   Thumb Code   170  poly.o(i.__kernel_poly)
    __mathlib_dbl_divzero                    0x0800239d   Thumb Code    12  dunder.o(i.__mathlib_dbl_divzero)
    __mathlib_dbl_infnan2                    0x080023ad   Thumb Code     4  dunder.o(i.__mathlib_dbl_infnan2)
    __mathlib_dbl_invalid                    0x080023b1   Thumb Code    12  dunder.o(i.__mathlib_dbl_invalid)
    __mathlib_dbl_overflow                   0x080023bd   Thumb Code    14  dunder.o(i.__mathlib_dbl_overflow)
    __mathlib_dbl_underflow                  0x080023cd   Thumb Code    10  dunder.o(i.__mathlib_dbl_underflow)
    _sys_exit                                0x080023dd   Thumb Code     2  serial_port.o(i._sys_exit)
    fputc                                    0x080023e1   Thumb Code    18  serial_port.o(i.fputc)
    main                                     0x080023f9   Thumb Code    48  main.o(i.main)
    pow                                      0x08002431   Thumb Code  2478  pow.o(i.pow)
    sqrt                                     0x08002de9   Thumb Code    76  sqrt.o(i.sqrt)
    stepper_Init                             0x08002e35   Thumb Code    30  stepper_init.o(i.stepper_Init)
    __aeabi_d2f                              0x08002e55   Thumb Code     0  d2f.o(x$fpl$d2f)
    _d2f                                     0x08002e55   Thumb Code    98  d2f.o(x$fpl$d2f)
    __aeabi_dadd                             0x08002eb9   Thumb Code     0  daddsub_clz.o(x$fpl$dadd)
    _dadd                                    0x08002eb9   Thumb Code   332  daddsub_clz.o(x$fpl$dadd)
    __fpl_dcheck_NaN1                        0x08003009   Thumb Code    10  dcheck1.o(x$fpl$dcheck1)
    __fpl_dcmp_Inf                           0x08003019   Thumb Code    24  dcmpi.o(x$fpl$dcmpinf)
    __aeabi_ddiv                             0x08003031   Thumb Code     0  ddiv.o(x$fpl$ddiv)
    _ddiv                                    0x08003031   Thumb Code   552  ddiv.o(x$fpl$ddiv)
    __aeabi_i2d                              0x080032e1   Thumb Code     0  dflt_clz.o(x$fpl$dflt)
    _dflt                                    0x080032e1   Thumb Code    46  dflt_clz.o(x$fpl$dflt)
    __aeabi_cdcmple                          0x08003311   Thumb Code     0  dleqf.o(x$fpl$dleqf)
    _dcmple                                  0x08003311   Thumb Code   120  dleqf.o(x$fpl$dleqf)
    __fpl_dcmple_InfNaN                      0x08003373   Thumb Code     0  dleqf.o(x$fpl$dleqf)
    __aeabi_dmul                             0x08003389   Thumb Code     0  dmul.o(x$fpl$dmul)
    _dmul                                    0x08003389   Thumb Code   332  dmul.o(x$fpl$dmul)
    __fpl_dnaninf                            0x080034dd   Thumb Code   156  dnaninf.o(x$fpl$dnaninf)
    __fpl_dretinf                            0x08003579   Thumb Code    12  dretinf.o(x$fpl$dretinf)
    __aeabi_cdrcmple                         0x08003585   Thumb Code     0  drleqf.o(x$fpl$drleqf)
    _drcmple                                 0x08003585   Thumb Code   108  drleqf.o(x$fpl$drleqf)
    __aeabi_drsub                            0x080035f1   Thumb Code     0  daddsub_clz.o(x$fpl$drsb)
    _drsb                                    0x080035f1   Thumb Code    22  daddsub_clz.o(x$fpl$drsb)
    _dsqrt                                   0x08003609   Thumb Code   456  dsqrt_noumaal.o(x$fpl$dsqrt)
    __aeabi_dsub                             0x080037d5   Thumb Code     0  daddsub_clz.o(x$fpl$dsub)
    _dsub                                    0x080037d5   Thumb Code   464  daddsub_clz.o(x$fpl$dsub)
    __aeabi_f2d                              0x080039a9   Thumb Code     0  f2d.o(x$fpl$f2d)
    _f2d                                     0x080039a9   Thumb Code    86  f2d.o(x$fpl$f2d)
    __aeabi_fadd                             0x08003a01   Thumb Code     0  faddsub_clz.o(x$fpl$fadd)
    _fadd                                    0x08003a01   Thumb Code   196  faddsub_clz.o(x$fpl$fadd)
    __fpl_fcheck_NaN1                        0x08003ac5   Thumb Code     6  fcheck1.o(x$fpl$fcheck1)
    __fpl_fcmp_Inf                           0x08003ad1   Thumb Code    24  fcmpi.o(x$fpl$fcmpinf)
    __aeabi_fdiv                             0x08003ae9   Thumb Code     0  fdiv.o(x$fpl$fdiv)
    _fdiv                                    0x08003ae9   Thumb Code   384  fdiv.o(x$fpl$fdiv)
    __aeabi_f2iz                             0x08003c6d   Thumb Code     0  ffix.o(x$fpl$ffix)
    _ffix                                    0x08003c6d   Thumb Code    54  ffix.o(x$fpl$ffix)
    __aeabi_f2uiz                            0x08003ca5   Thumb Code     0  ffixu.o(x$fpl$ffixu)
    _ffixu                                   0x08003ca5   Thumb Code    62  ffixu.o(x$fpl$ffixu)
    __aeabi_i2f                              0x08003ce5   Thumb Code     0  fflt_clz.o(x$fpl$fflt)
    _fflt                                    0x08003ce5   Thumb Code    48  fflt_clz.o(x$fpl$fflt)
    __aeabi_ui2f                             0x08003d15   Thumb Code     0  fflt_clz.o(x$fpl$ffltu)
    _ffltu                                   0x08003d15   Thumb Code    38  fflt_clz.o(x$fpl$ffltu)
    __aeabi_cfcmple                          0x08003d3d   Thumb Code     0  fleqf.o(x$fpl$fleqf)
    _fcmple                                  0x08003d3d   Thumb Code   104  fleqf.o(x$fpl$fleqf)
    __fpl_fcmple_InfNaN                      0x08003d8f   Thumb Code     0  fleqf.o(x$fpl$fleqf)
    __aeabi_fmul                             0x08003da5   Thumb Code     0  fmul.o(x$fpl$fmul)
    _fmul                                    0x08003da5   Thumb Code   258  fmul.o(x$fpl$fmul)
    __fpl_fnaninf                            0x08003ea7   Thumb Code   140  fnaninf.o(x$fpl$fnaninf)
    __fpl_fretinf                            0x08003f33   Thumb Code    10  fretinf.o(x$fpl$fretinf)
    __aeabi_cfrcmple                         0x08003f3d   Thumb Code     0  frleqf.o(x$fpl$frleqf)
    _frcmple                                 0x08003f3d   Thumb Code    98  frleqf.o(x$fpl$frleqf)
    __aeabi_frsub                            0x08003f9f   Thumb Code     0  faddsub_clz.o(x$fpl$frsb)
    _frsb                                    0x08003f9f   Thumb Code    20  faddsub_clz.o(x$fpl$frsb)
    __aeabi_fsub                             0x08003fb5   Thumb Code     0  faddsub_clz.o(x$fpl$fsub)
    _fsub                                    0x08003fb5   Thumb Code   234  faddsub_clz.o(x$fpl$fsub)
    __fpl_return_NaN                         0x0800409f   Thumb Code   100  retnan.o(x$fpl$retnan)
    __ARM_scalbn                             0x08004103   Thumb Code    92  scalbn.o(x$fpl$scalbn)
    __ARM_scalbnf                            0x0800415f   Thumb Code    76  scalbnf.o(x$fpl$scalbnf)
    __fpl_cmpreturn                          0x080041ab   Thumb Code    48  trapv.o(x$fpl$trapveneer)
    __I$use$fp                               0x080041da   Number         0  usenofp.o(x$fpl$usenofp)
    AHBPrescTable                            0x080041ec   Data          16  system_stm32f1xx.o(.constdata)
    APBPrescTable                            0x080041fc   Data           8  system_stm32f1xx.o(.constdata)
    __mathlib_zero                           0x08004290   Data           8  qnan.o(.constdata)
    Region$$Table$$Base                      0x08004298   Number         0  anon$$obj.o(Region$$Table)
    Region$$Table$$Limit                     0x080042b8   Number         0  anon$$obj.o(Region$$Table)
    __stdout                                 0x20000008   Data           4  serial_port.o(.data)
    uwTickFreq                               0x2000000c   Data           1  stm32f1xx_hal.o(.data)
    uwTickPrio                               0x20000010   Data           4  stm32f1xx_hal.o(.data)
    uwTick                                   0x20000014   Data           4  stm32f1xx_hal.o(.data)
    SystemCoreClock                          0x20000018   Data           4  system_stm32f1xx.o(.data)
    TIM_TimeBaseStructure                    0x2000001c   Data          72  stepper_init.o(.bss)
    Stepper                                  0x20000064   Data          12  stepper_s_speed.o(.bss)
    Speed                                    0x20000070   Data       32028  stepper_s_speed.o(.bss)
    htim8                                    0x20007d8c   Data          72  tim.o(.bss)
    huart1                                   0x20007dd4   Data          72  usart.o(.bss)
    __libspace_start                         0x20007e1c   Data          96  libspace.o(.bss)
    __temporary_stack_top$libspace           0x20007e7c   Data           0  libspace.o(.bss)



==============================================================================

Memory Map of the image

  Image Entry point : 0x08000131

  Load Region LR_IROM1 (Base: 0x08000000, Size: 0x000042d4, Max: 0x00080000, ABSOLUTE)

    Execution Region ER_IROM1 (Base: 0x08000000, Size: 0x000042b8, Max: 0x00080000, ABSOLUTE)

    Base Addr    Size         Type   Attr      Idx    E Section Name        Object

    0x08000000   0x00000130   Data   RO            3    RESET               startup_stm32f103xe.o
    0x08000130   0x00000008   Code   RO         2973  * !!!main             c_w.l(__main.o)
    0x08000138   0x00000034   Code   RO         3267    !!!scatter          c_w.l(__scatter.o)
    0x0800016c   0x0000001a   Code   RO         3269    !!handler_copy      c_w.l(__scatter_copy.o)
    0x08000186   0x00000002   PAD
    0x08000188   0x0000001c   Code   RO         3271    !!handler_zi        c_w.l(__scatter_zi.o)
    0x080001a4   0x00000000   Code   RO         2968    .ARM.Collect$$_printf_percent$$00000000  c_w.l(_printf_percent.o)
    0x080001a4   0x00000006   Code   RO         2967    .ARM.Collect$$_printf_percent$$00000009  c_w.l(_printf_d.o)
    0x080001aa   0x00000004   Code   RO         3028    .ARM.Collect$$_printf_percent$$00000017  c_w.l(_printf_percent_end.o)
    0x080001ae   0x00000002   Code   RO         3141    .ARM.Collect$$libinit$$00000000  c_w.l(libinit.o)
    0x080001b0   0x00000000   Code   RO         3149    .ARM.Collect$$libinit$$00000002  c_w.l(libinit2.o)
    0x080001b0   0x00000000   Code   RO         3151    .ARM.Collect$$libinit$$00000004  c_w.l(libinit2.o)
    0x080001b0   0x00000000   Code   RO         3154    .ARM.Collect$$libinit$$0000000A  c_w.l(libinit2.o)
    0x080001b0   0x00000000   Code   RO         3156    .ARM.Collect$$libinit$$0000000C  c_w.l(libinit2.o)
    0x080001b0   0x00000000   Code   RO         3158    .ARM.Collect$$libinit$$0000000E  c_w.l(libinit2.o)
    0x080001b0   0x00000000   Code   RO         3161    .ARM.Collect$$libinit$$00000011  c_w.l(libinit2.o)
    0x080001b0   0x00000000   Code   RO         3163    .ARM.Collect$$libinit$$00000013  c_w.l(libinit2.o)
    0x080001b0   0x00000000   Code   RO         3165    .ARM.Collect$$libinit$$00000015  c_w.l(libinit2.o)
    0x080001b0   0x00000000   Code   RO         3167    .ARM.Collect$$libinit$$00000017  c_w.l(libinit2.o)
    0x080001b0   0x00000000   Code   RO         3169    .ARM.Collect$$libinit$$00000019  c_w.l(libinit2.o)
    0x080001b0   0x00000000   Code   RO         3171    .ARM.Collect$$libinit$$0000001B  c_w.l(libinit2.o)
    0x080001b0   0x00000000   Code   RO         3173    .ARM.Collect$$libinit$$0000001D  c_w.l(libinit2.o)
    0x080001b0   0x00000000   Code   RO         3175    .ARM.Collect$$libinit$$0000001F  c_w.l(libinit2.o)
    0x080001b0   0x00000000   Code   RO         3177    .ARM.Collect$$libinit$$00000021  c_w.l(libinit2.o)
    0x080001b0   0x00000000   Code   RO         3179    .ARM.Collect$$libinit$$00000023  c_w.l(libinit2.o)
    0x080001b0   0x00000000   Code   RO         3181    .ARM.Collect$$libinit$$00000025  c_w.l(libinit2.o)
    0x080001b0   0x00000000   Code   RO         3185    .ARM.Collect$$libinit$$0000002C  c_w.l(libinit2.o)
    0x080001b0   0x00000000   Code   RO         3187    .ARM.Collect$$libinit$$0000002E  c_w.l(libinit2.o)
    0x080001b0   0x00000000   Code   RO         3189    .ARM.Collect$$libinit$$00000030  c_w.l(libinit2.o)
    0x080001b0   0x00000000   Code   RO         3191    .ARM.Collect$$libinit$$00000032  c_w.l(libinit2.o)
    0x080001b0   0x00000002   Code   RO         3192    .ARM.Collect$$libinit$$00000033  c_w.l(libinit2.o)
    0x080001b2   0x00000002   Code   RO         3210    .ARM.Collect$$libshutdown$$00000000  c_w.l(libshutdown.o)
    0x080001b4   0x00000000   Code   RO         3221    .ARM.Collect$$libshutdown$$00000003  c_w.l(libshutdown2.o)
    0x080001b4   0x00000000   Code   RO         3224    .ARM.Collect$$libshutdown$$00000006  c_w.l(libshutdown2.o)
    0x080001b4   0x00000000   Code   RO         3227    .ARM.Collect$$libshutdown$$00000009  c_w.l(libshutdown2.o)
    0x080001b4   0x00000000   Code   RO         3229    .ARM.Collect$$libshutdown$$0000000B  c_w.l(libshutdown2.o)
    0x080001b4   0x00000000   Code   RO         3232    .ARM.Collect$$libshutdown$$0000000E  c_w.l(libshutdown2.o)
    0x080001b4   0x00000002   Code   RO         3233    .ARM.Collect$$libshutdown$$0000000F  c_w.l(libshutdown2.o)
    0x080001b6   0x00000000   Code   RO         3021    .ARM.Collect$$rtentry$$00000000  c_w.l(__rtentry.o)
    0x080001b6   0x00000000   Code   RO         3092    .ARM.Collect$$rtentry$$00000002  c_w.l(__rtentry2.o)
    0x080001b6   0x00000006   Code   RO         3104    .ARM.Collect$$rtentry$$00000004  c_w.l(__rtentry4.o)
    0x080001bc   0x00000000   Code   RO         3094    .ARM.Collect$$rtentry$$00000009  c_w.l(__rtentry2.o)
    0x080001bc   0x00000004   Code   RO         3095    .ARM.Collect$$rtentry$$0000000A  c_w.l(__rtentry2.o)
    0x080001c0   0x00000000   Code   RO         3097    .ARM.Collect$$rtentry$$0000000C  c_w.l(__rtentry2.o)
    0x080001c0   0x00000008   Code   RO         3098    .ARM.Collect$$rtentry$$0000000D  c_w.l(__rtentry2.o)
    0x080001c8   0x00000002   Code   RO         3146    .ARM.Collect$$rtexit$$00000000  c_w.l(rtexit.o)
    0x080001ca   0x00000000   Code   RO         3194    .ARM.Collect$$rtexit$$00000002  c_w.l(rtexit2.o)
    0x080001ca   0x00000004   Code   RO         3195    .ARM.Collect$$rtexit$$00000003  c_w.l(rtexit2.o)
    0x080001ce   0x00000006   Code   RO         3196    .ARM.Collect$$rtexit$$00000004  c_w.l(rtexit2.o)
    0x080001d4   0x00000040   Code   RO            4    .text               startup_stm32f103xe.o
    0x08000214   0x00000002   Code   RO         2935    .text               c_w.l(use_no_semi_2.o)
    0x08000216   0x00000002   PAD
    0x08000218   0x00000018   Code   RO         2941    .text               c_w.l(noretval__2printf.o)
    0x08000230   0x00000068   Code   RO         2943    .text               c_w.l(__printf.o)
    0x08000298   0x00000078   Code   RO         2945    .text               c_w.l(_printf_dec.o)
    0x08000310   0x0000004e   Code   RO         2969    .text               c_w.l(rt_memclr_w.o)
    0x0800035e   0x00000006   Code   RO         2971    .text               c_w.l(heapauxi.o)
    0x08000364   0x00000002   Code   RO         3019    .text               c_w.l(use_no_semi.o)
    0x08000366   0x00000016   Code   RO         3022    .text               c_w.l(_rserrno.o)
    0x0800037c   0x000000b2   Code   RO         3024    .text               c_w.l(_printf_intcommon.o)
    0x0800042e   0x00000002   PAD
    0x08000430   0x00000024   Code   RO         3026    .text               c_w.l(_printf_char_file.o)
    0x08000454   0x00000008   Code   RO         3109    .text               c_w.l(rt_errno_addr_intlibspace.o)
    0x0800045c   0x00000030   Code   RO         3111    .text               c_w.l(_printf_char_common.o)
    0x0800048c   0x00000008   Code   RO         3113    .text               c_w.l(ferror.o)
    0x08000494   0x00000008   Code   RO         3127    .text               c_w.l(libspace.o)
    0x0800049c   0x0000004a   Code   RO         3130    .text               c_w.l(sys_stackheap_outer.o)
    0x080004e6   0x0000000c   Code   RO         3134    .text               c_w.l(exit.o)
    0x080004f2   0x00000002   Code   RO          443    i.BusFault_Handler  stm32f1xx_it.o
    0x080004f4   0x0000025c   Code   RO          159    i.CalcSpeed         stepper_s_speed.o
    0x08000750   0x00000002   Code   RO          444    i.DebugMon_Handler  stm32f1xx_it.o
    0x08000752   0x00000004   Code   RO          274    i.Error_Handler     main.o
    0x08000756   0x00000046   Code   RO         1939    i.HAL_DMA_Abort     stm32f1xx_hal_dma.o
    0x0800079c   0x00000130   Code   RO         1940    i.HAL_DMA_Abort_IT  stm32f1xx_hal_dma.o
    0x080008cc   0x00000024   Code   RO         1565    i.HAL_Delay         stm32f1xx_hal.o
    0x080008f0   0x000001f8   Code   RO         1875    i.HAL_GPIO_Init     stm32f1xx_hal_gpio.o
    0x08000ae8   0x0000000a   Code   RO         1879    i.HAL_GPIO_WritePin  stm32f1xx_hal_gpio.o
    0x08000af2   0x00000002   PAD
    0x08000af4   0x0000000c   Code   RO         1569    i.HAL_GetTick       stm32f1xx_hal.o
    0x08000b00   0x00000010   Code   RO         1575    i.HAL_IncTick       stm32f1xx_hal.o
    0x08000b10   0x00000024   Code   RO         1576    i.HAL_Init          stm32f1xx_hal.o
    0x08000b34   0x00000040   Code   RO         1577    i.HAL_InitTick      stm32f1xx_hal.o
    0x08000b74   0x0000003c   Code   RO          525    i.HAL_MspInit       stm32f1xx_hal_msp.o
    0x08000bb0   0x0000001a   Code   RO         2035    i.HAL_NVIC_EnableIRQ  stm32f1xx_hal_cortex.o
    0x08000bca   0x00000002   PAD
    0x08000bcc   0x00000040   Code   RO         2041    i.HAL_NVIC_SetPriority  stm32f1xx_hal_cortex.o
    0x08000c0c   0x00000024   Code   RO         2042    i.HAL_NVIC_SetPriorityGrouping  stm32f1xx_hal_cortex.o
    0x08000c30   0x0000012c   Code   RO         1733    i.HAL_RCC_ClockConfig  stm32f1xx_hal_rcc.o
    0x08000d5c   0x00000020   Code   RO         1740    i.HAL_RCC_GetPCLK1Freq  stm32f1xx_hal_rcc.o
    0x08000d7c   0x00000020   Code   RO         1741    i.HAL_RCC_GetPCLK2Freq  stm32f1xx_hal_rcc.o
    0x08000d9c   0x0000004c   Code   RO         1742    i.HAL_RCC_GetSysClockFreq  stm32f1xx_hal_rcc.o
    0x08000de8   0x00000320   Code   RO         1745    i.HAL_RCC_OscConfig  stm32f1xx_hal_rcc.o
    0x08001108   0x00000028   Code   RO         2046    i.HAL_SYSTICK_Config  stm32f1xx_hal_cortex.o
    0x08001130   0x00000054   Code   RO         1294    i.HAL_TIMEx_ConfigBreakDeadTime  stm32f1xx_hal_tim_ex.o
    0x08001184   0x0000007c   Code   RO         1310    i.HAL_TIMEx_MasterConfigSynchronization  stm32f1xx_hal_tim_ex.o
    0x08001200   0x0000005a   Code   RO          587    i.HAL_TIM_Base_Init  stm32f1xx_hal_tim.o
    0x0800125a   0x00000002   PAD
    0x0800125c   0x0000003c   Code   RO          354    i.HAL_TIM_Base_MspInit  tim.o
    0x08001298   0x000000dc   Code   RO          596    i.HAL_TIM_ConfigClockSource  stm32f1xx_hal_tim.o
    0x08001374   0x0000004c   Code   RO          355    i.HAL_TIM_MspPostInit  tim.o
    0x080013c0   0x00000052   Code   RO          636    i.HAL_TIM_OC_ConfigChannel  stm32f1xx_hal_tim.o
    0x08001412   0x0000005a   Code   RO          640    i.HAL_TIM_OC_Init   stm32f1xx_hal_tim.o
    0x0800146c   0x00000002   Code   RO          642    i.HAL_TIM_OC_MspInit  stm32f1xx_hal_tim.o
    0x0800146e   0x00000002   PAD
    0x08001470   0x000000e0   Code   RO          645    i.HAL_TIM_OC_Start_IT  stm32f1xx_hal_tim.o
    0x08001550   0x000000bc   Code   RO          648    i.HAL_TIM_OC_Stop_IT  stm32f1xx_hal_tim.o
    0x0800160c   0x00000002   Code   RO         2547    i.HAL_UARTEx_RxEventCallback  stm32f1xx_hal_uart.o
    0x0800160e   0x00000002   Code   RO         2561    i.HAL_UART_ErrorCallback  stm32f1xx_hal_uart.o
    0x08001610   0x0000026c   Code   RO         2564    i.HAL_UART_IRQHandler  stm32f1xx_hal_uart.o
    0x0800187c   0x00000064   Code   RO         2565    i.HAL_UART_Init     stm32f1xx_hal_uart.o
    0x080018e0   0x00000080   Code   RO          402    i.HAL_UART_MspInit  usart.o
    0x08001960   0x00000002   Code   RO         2571    i.HAL_UART_RxCpltCallback  stm32f1xx_hal_uart.o
    0x08001962   0x00000002   Code   RO         2576    i.HAL_UART_TxCpltCallback  stm32f1xx_hal_uart.o
    0x08001964   0x00000002   Code   RO          445    i.HardFault_Handler  stm32f1xx_it.o
    0x08001966   0x00000002   PAD
    0x08001968   0x00000070   Code   RO          329    i.MX_GPIO_Init      gpio.o
    0x080019d8   0x000000c4   Code   RO          356    i.MX_TIM8_Init      tim.o
    0x08001a9c   0x00000038   Code   RO          403    i.MX_USART1_UART_Init  usart.o
    0x08001ad4   0x00000002   Code   RO          446    i.MemManage_Handler  stm32f1xx_it.o
    0x08001ad6   0x00000002   Code   RO          447    i.NMI_Handler       stm32f1xx_it.o
    0x08001ad8   0x00000002   Code   RO          448    i.PendSV_Handler    stm32f1xx_it.o
    0x08001ada   0x00000002   Code   RO          449    i.SVC_Handler       stm32f1xx_it.o
    0x08001adc   0x00000134   Code   RO          160    i.Speed_Decision    stepper_s_speed.o
    0x08001c10   0x0000007c   Code   RO           13    i.Stepper_GPIO_Config  stepper_init.o
    0x08001c8c   0x000000d8   Code   RO          161    i.Stepper_Move_S    stepper_s_speed.o
    0x08001d64   0x00000004   Code   RO          450    i.SysTick_Handler   stm32f1xx_it.o
    0x08001d68   0x0000005e   Code   RO          275    i.SystemClock_Config  main.o
    0x08001dc6   0x00000002   Code   RO         2899    i.SystemInit        system_stm32f1xx.o
    0x08001dc8   0x00000004   Code   RO          162    i.TIM8_CC_IRQHandler  stepper_s_speed.o
    0x08001dcc   0x0000008c   Code   RO          680    i.TIM_Base_SetConfig  stm32f1xx_hal_tim.o
    0x08001e58   0x0000001a   Code   RO          681    i.TIM_CCxChannelCmd  stm32f1xx_hal_tim.o
    0x08001e72   0x00000014   Code   RO          691    i.TIM_ETR_SetConfig  stm32f1xx_hal_tim.o
    0x08001e86   0x00000010   Code   RO          692    i.TIM_ITRx_SetConfig  stm32f1xx_hal_tim.o
    0x08001e96   0x00000002   PAD
    0x08001e98   0x00000060   Code   RO          693    i.TIM_OC1_SetConfig  stm32f1xx_hal_tim.o
    0x08001ef8   0x0000006c   Code   RO          694    i.TIM_OC2_SetConfig  stm32f1xx_hal_tim.o
    0x08001f64   0x00000068   Code   RO          695    i.TIM_OC3_SetConfig  stm32f1xx_hal_tim.o
    0x08001fcc   0x00000050   Code   RO          696    i.TIM_OC4_SetConfig  stm32f1xx_hal_tim.o
    0x0800201c   0x00000060   Code   RO           14    i.TIM_PWMOUTPUT_Config  stepper_init.o
    0x0800207c   0x00000022   Code   RO          698    i.TIM_TI1_ConfigInputStage  stm32f1xx_hal_tim.o
    0x0800209e   0x00000024   Code   RO          700    i.TIM_TI2_ConfigInputStage  stm32f1xx_hal_tim.o
    0x080020c2   0x00000010   Code   RO         2578    i.UART_DMAAbortOnError  stm32f1xx_hal_uart.o
    0x080020d2   0x0000004e   Code   RO         2588    i.UART_EndRxTransfer  stm32f1xx_hal_uart.o
    0x08002120   0x000000c2   Code   RO         2590    i.UART_Receive_IT   stm32f1xx_hal_uart.o
    0x080021e2   0x00000002   PAD
    0x080021e4   0x000000b8   Code   RO         2591    i.UART_SetConfig    stm32f1xx_hal_uart.o
    0x0800229c   0x0000000c   Code   RO          451    i.USART1_IRQHandler  stm32f1xx_it.o
    0x080022a8   0x00000002   Code   RO          452    i.UsageFault_Handler  stm32f1xx_it.o
    0x080022aa   0x00000028   Code   RO         3078    i.__ARM_fpclassify  m_ws.l(fpclassify.o)
    0x080022d2   0x00000020   Code   RO         2048    i.__NVIC_SetPriority  stm32f1xx_hal_cortex.o
    0x080022f2   0x000000aa   Code   RO         3080    i.__kernel_poly     m_ws.l(poly.o)
    0x0800239c   0x00000010   Code   RO         3064    i.__mathlib_dbl_divzero  m_ws.l(dunder.o)
    0x080023ac   0x00000004   Code   RO         3066    i.__mathlib_dbl_infnan2  m_ws.l(dunder.o)
    0x080023b0   0x0000000c   Code   RO         3067    i.__mathlib_dbl_invalid  m_ws.l(dunder.o)
    0x080023bc   0x0000000e   Code   RO         3068    i.__mathlib_dbl_overflow  m_ws.l(dunder.o)
    0x080023ca   0x00000002   PAD
    0x080023cc   0x00000010   Code   RO         3070    i.__mathlib_dbl_underflow  m_ws.l(dunder.o)
    0x080023dc   0x00000002   Code   RO          218    i._sys_exit         serial_port.o
    0x080023de   0x00000002   PAD
    0x080023e0   0x00000018   Code   RO          219    i.fputc             serial_port.o
    0x080023f8   0x00000038   Code   RO          276    i.main              main.o
    0x08002430   0x000009b8   Code   RO         3010    i.pow               m_ws.l(pow.o)
    0x08002de8   0x0000004c   Code   RO         3084    i.sqrt              m_ws.l(sqrt.o)
    0x08002e34   0x0000001e   Code   RO           15    i.stepper_Init      stepper_init.o
    0x08002e52   0x00000002   PAD
    0x08002e54   0x00000062   Code   RO         2975    x$fpl$d2f           fz_ws.l(d2f.o)
    0x08002eb6   0x00000002   PAD
    0x08002eb8   0x00000150   Code   RO         3029    x$fpl$dadd          fz_ws.l(daddsub_clz.o)
    0x08003008   0x00000010   Code   RO         3117    x$fpl$dcheck1       fz_ws.l(dcheck1.o)
    0x08003018   0x00000018   Code   RO         3142    x$fpl$dcmpinf       fz_ws.l(dcmpi.o)
    0x08003030   0x000002b0   Code   RO         3036    x$fpl$ddiv          fz_ws.l(ddiv.o)
    0x080032e0   0x0000002e   Code   RO         3040    x$fpl$dflt          fz_ws.l(dflt_clz.o)
    0x0800330e   0x00000002   PAD
    0x08003310   0x00000078   Code   RO         3119    x$fpl$dleqf         fz_ws.l(dleqf.o)
    0x08003388   0x00000154   Code   RO         3045    x$fpl$dmul          fz_ws.l(dmul.o)
    0x080034dc   0x0000009c   Code   RO         3047    x$fpl$dnaninf       fz_ws.l(dnaninf.o)
    0x08003578   0x0000000c   Code   RO         3049    x$fpl$dretinf       fz_ws.l(dretinf.o)
    0x08003584   0x0000006c   Code   RO         3051    x$fpl$drleqf        fz_ws.l(drleqf.o)
    0x080035f0   0x00000016   Code   RO         3030    x$fpl$drsb          fz_ws.l(daddsub_clz.o)
    0x08003606   0x00000002   PAD
    0x08003608   0x000001cc   Code   RO         3121    x$fpl$dsqrt         fz_ws.l(dsqrt_noumaal.o)
    0x080037d4   0x000001d4   Code   RO         3031    x$fpl$dsub          fz_ws.l(daddsub_clz.o)
    0x080039a8   0x00000056   Code   RO         2977    x$fpl$f2d           fz_ws.l(f2d.o)
    0x080039fe   0x00000002   PAD
    0x08003a00   0x000000c4   Code   RO         2979    x$fpl$fadd          fz_ws.l(faddsub_clz.o)
    0x08003ac4   0x0000000c   Code   RO         3053    x$fpl$fcheck1       fz_ws.l(fcheck1.o)
    0x08003ad0   0x00000018   Code   RO         3123    x$fpl$fcmpinf       fz_ws.l(fcmpi.o)
    0x08003ae8   0x00000184   Code   RO         2986    x$fpl$fdiv          fz_ws.l(fdiv.o)
    0x08003c6c   0x00000036   Code   RO         2989    x$fpl$ffix          fz_ws.l(ffix.o)
    0x08003ca2   0x00000002   PAD
    0x08003ca4   0x0000003e   Code   RO         2993    x$fpl$ffixu         fz_ws.l(ffixu.o)
    0x08003ce2   0x00000002   PAD
    0x08003ce4   0x00000030   Code   RO         2998    x$fpl$fflt          fz_ws.l(fflt_clz.o)
    0x08003d14   0x00000026   Code   RO         2997    x$fpl$ffltu         fz_ws.l(fflt_clz.o)
    0x08003d3a   0x00000002   PAD
    0x08003d3c   0x00000068   Code   RO         3055    x$fpl$fleqf         fz_ws.l(fleqf.o)
    0x08003da4   0x00000102   Code   RO         3003    x$fpl$fmul          fz_ws.l(fmul.o)
    0x08003ea6   0x0000008c   Code   RO         3057    x$fpl$fnaninf       fz_ws.l(fnaninf.o)
    0x08003f32   0x0000000a   Code   RO         3059    x$fpl$fretinf       fz_ws.l(fretinf.o)
    0x08003f3c   0x00000062   Code   RO         3005    x$fpl$frleqf        fz_ws.l(frleqf.o)
    0x08003f9e   0x00000014   Code   RO         2980    x$fpl$frsb          fz_ws.l(faddsub_clz.o)
    0x08003fb2   0x00000002   PAD
    0x08003fb4   0x000000ea   Code   RO         2981    x$fpl$fsub          fz_ws.l(faddsub_clz.o)
    0x0800409e   0x00000064   Code   RO         3125    x$fpl$retnan        fz_ws.l(retnan.o)
    0x08004102   0x0000005c   Code   RO         3061    x$fpl$scalbn        fz_ws.l(scalbn.o)
    0x0800415e   0x0000004c   Code   RO         3007    x$fpl$scalbnf       fz_ws.l(scalbnf.o)
    0x080041aa   0x00000030   Code   RO         3144    x$fpl$trapveneer    fz_ws.l(trapv.o)
    0x080041da   0x00000000   Code   RO         3063    x$fpl$usenofp       fz_ws.l(usenofp.o)
    0x080041da   0x00000012   Data   RO         1746    .constdata          stm32f1xx_hal_rcc.o
    0x080041ec   0x00000010   Data   RO         2900    .constdata          system_stm32f1xx.o
    0x080041fc   0x00000008   Data   RO         2901    .constdata          system_stm32f1xx.o
    0x08004204   0x00000004   PAD
    0x08004208   0x00000088   Data   RO         3011    .constdata          m_ws.l(pow.o)
    0x08004290   0x00000008   Data   RO         3082    .constdata          m_ws.l(qnan.o)
    0x08004298   0x00000020   Data   RO         3265    Region$$Table       anon$$obj.o


    Execution Region RW_IRAM1 (Base: 0x20000000, Size: 0x00008480, Max: 0x00010000, ABSOLUTE)

    Base Addr    Size         Type   Attr      Idx    E Section Name        Object

    0x20000000   0x00000008   Data   RW          164    .data               stepper_s_speed.o
    0x20000008   0x00000004   Data   RW          221    .data               serial_port.o
    0x2000000c   0x0000000c   Data   RW         1583    .data               stm32f1xx_hal.o
    0x20000018   0x00000004   Data   RW         2902    .data               system_stm32f1xx.o
    0x2000001c   0x00000048   Zero   RW           16    .bss                stepper_init.o
    0x20000064   0x00007d28   Zero   RW          163    .bss                stepper_s_speed.o
    0x20007d8c   0x00000048   Zero   RW          357    .bss                tim.o
    0x20007dd4   0x00000048   Zero   RW          404    .bss                usart.o
    0x20007e1c   0x00000060   Zero   RW         3128    .bss                c_w.l(libspace.o)
    0x20007e7c   0x00000004   PAD
    0x20007e80   0x00000200   Zero   RW            2    HEAP                startup_stm32f103xe.o
    0x20008080   0x00000400   Zero   RW            1    STACK               startup_stm32f103xe.o


==============================================================================

Image component sizes


      Code (inc. data)   RO Data    RW Data    ZI Data      Debug   Object Name

       112         10          0          0          0        867   gpio.o
       154          8          0          0          0       1856   main.o
        26          6          0          4          0       2673   serial_port.o
        64         26        304          0       1536        800   startup_stm32f103xe.o
       250         28          0          0         72     488078   stepper_init.o
      1132        194          0          8      32040       4191   stepper_s_speed.o
       164         28          0         12          0       6353   stm32f1xx_hal.o
       198         14          0          0          0      28523   stm32f1xx_hal_cortex.o
       374          8          0          0          0       1715   stm32f1xx_hal_dma.o
       514         42          0          0          0       2540   stm32f1xx_hal_gpio.o
        60          8          0          0          0        826   stm32f1xx_hal_msp.o
      1240         84         18          0          0       4796   stm32f1xx_hal_rcc.o
      1556         86          0          0          0      12080   stm32f1xx_hal_tim.o
       208         20          0          0          0       2004   stm32f1xx_hal_tim_ex.o
      1200         10          0          0          0       7344   stm32f1xx_hal_uart.o
        32          6          0          0          0       4114   stm32f1xx_it.o
         2          0         24          4          0       1063   system_stm32f1xx.o
       332         32          0          0         72       2244   tim.o
       184         20          0          0         72       1574   usart.o

    ----------------------------------------------------------------------
      7820        630        382         28      33792     573641   Object Totals
         0          0         32          0          0          0   (incl. Generated)
        18          0          4          0          0          0   (incl. Padding)

    ----------------------------------------------------------------------

      Code (inc. data)   RO Data    RW Data    ZI Data      Debug   Library Member Name

         8          0          0          0          0         68   __main.o
       104          0          0          0          0         84   __printf.o
         0          0          0          0          0          0   __rtentry.o
        12          0          0          0          0          0   __rtentry2.o
         6          0          0          0          0          0   __rtentry4.o
        52          8          0          0          0          0   __scatter.o
        26          0          0          0          0          0   __scatter_copy.o
        28          0          0          0          0          0   __scatter_zi.o
        48          6          0          0          0         96   _printf_char_common.o
        36          4          0          0          0         80   _printf_char_file.o
         6          0          0          0          0          0   _printf_d.o
       120         16          0          0          0         92   _printf_dec.o
       178          0          0          0          0         88   _printf_intcommon.o
         0          0          0          0          0          0   _printf_percent.o
         4          0          0          0          0          0   _printf_percent_end.o
        22          0          0          0          0        100   _rserrno.o
        12          0          0          0          0         72   exit.o
         8          0          0          0          0         68   ferror.o
         6          0          0          0          0        152   heapauxi.o
         2          0          0          0          0          0   libinit.o
         2          0          0          0          0          0   libinit2.o
         2          0          0          0          0          0   libshutdown.o
         2          0          0          0          0          0   libshutdown2.o
         8          4          0          0         96         68   libspace.o
        24          4          0          0          0         84   noretval__2printf.o
         8          4          0          0          0         68   rt_errno_addr_intlibspace.o
        78          0          0          0          0         80   rt_memclr_w.o
         2          0          0          0          0          0   rtexit.o
        10          0          0          0          0          0   rtexit2.o
        74          0          0          0          0         80   sys_stackheap_outer.o
         2          0          0          0          0         68   use_no_semi.o
         2          0          0          0          0         68   use_no_semi_2.o
        98          4          0          0          0         92   d2f.o
       826         16          0          0          0        348   daddsub_clz.o
        16          4          0          0          0         68   dcheck1.o
        24          0          0          0          0         68   dcmpi.o
       688        140          0          0          0        208   ddiv.o
        46          0          0          0          0         68   dflt_clz.o
       120          4          0          0          0         92   dleqf.o
       340         12          0          0          0        104   dmul.o
       156          4          0          0          0         92   dnaninf.o
        12          0          0          0          0         68   dretinf.o
       108          0          0          0          0         80   drleqf.o
       460         56          0          0          0        120   dsqrt_noumaal.o
        86          4          0          0          0         84   f2d.o
       450          8          0          0          0        236   faddsub_clz.o
        12          4          0          0          0         68   fcheck1.o
        24          0          0          0          0         68   fcmpi.o
       388         76          0          0          0         96   fdiv.o
        54          4          0          0          0         84   ffix.o
        62          4          0          0          0         84   ffixu.o
        86          0          0          0          0        136   fflt_clz.o
       104          4          0          0          0         84   fleqf.o
       258          4          0          0          0         84   fmul.o
       140          4          0          0          0         84   fnaninf.o
        10          0          0          0          0         68   fretinf.o
        98          0          0          0          0         68   frleqf.o
       100          0          0          0          0         68   retnan.o
        92          0          0          0          0         68   scalbn.o
        76          0          0          0          0         68   scalbnf.o
        48          0          0          0          0         68   trapv.o
         0          0          0          0          0          0   usenofp.o
        62         10          0          0          0        340   dunder.o
        40          0          0          0          0         68   fpclassify.o
       170          0          0          0          0         96   poly.o
      2488        190        136          0          0        300   pow.o
         0          0          8          0          0          0   qnan.o
        76          0          0          0          0         84   sqrt.o

    ----------------------------------------------------------------------
      8734        598        144          0        100       5228   Library Totals
        24          0          0          0          4          0   (incl. Padding)

    ----------------------------------------------------------------------

      Code (inc. data)   RO Data    RW Data    ZI Data      Debug   Library Name

       892         46          0          0         96       1416   c_w.l
      4982        352          0          0          0       2924   fz_ws.l
      2836        200        144          0          0        888   m_ws.l

    ----------------------------------------------------------------------
      8734        598        144          0        100       5228   Library Totals

    ----------------------------------------------------------------------

==============================================================================


      Code (inc. data)   RO Data    RW Data    ZI Data      Debug   

     16554       1228        526         28      33892     572157   Grand Totals
     16554       1228        526         28      33892     572157   ELF Image Totals
     16554       1228        526         28          0          0   ROM Totals

==============================================================================

    Total RO  Size (Code + RO Data)                17080 (  16.68kB)
    Total RW  Size (RW Data + ZI Data)             33920 (  33.13kB)
    Total ROM Size (Code + RO Data + RW Data)      17108 (  16.71kB)

==============================================================================

